------------------------------------------------------------
Timing Analyzer Summary
------------------------------------------------------------

Type  : Slow 1100mV 85C Model Setup 'dflipflop:DFF21|Qn'
Slack : -2.340
TNS   : -4.218

Type  : Slow 1100mV 85C Model Setup 'dflipflop:DFF23|Qn'
Slack : -2.239
TNS   : -4.047

Type  : Slow 1100mV 85C Model Setup 'dflipflop:DFF31|Qn'
Slack : -2.239
TNS   : -4.028

Type  : Slow 1100mV 85C Model Setup 'dflipflop:DFF17|Qn'
Slack : -2.237
TNS   : -4.201

Type  : Slow 1100mV 85C Model Setup 'dflipflop:DFF25|Qn'
Slack : -2.136
TNS   : -3.902

Type  : Slow 1100mV 85C Model Setup 'Clock_50'
Slack : -2.134
TNS   : -2.134

Type  : Slow 1100mV 85C Model Setup 'dflipflop:DFF19|Qn'
Slack : -2.133
TNS   : -3.840

Type  : Slow 1100mV 85C Model Setup 'dflipflop:DFF34|Qn'
Slack : -2.117
TNS   : -3.924

Type  : Slow 1100mV 85C Model Setup 'dflipflop:DFF27|Qn'
Slack : -2.103
TNS   : -3.893

Type  : Slow 1100mV 85C Model Setup 'dflipflop:DFF35|Qn'
Slack : -2.102
TNS   : -4.104

Type  : Slow 1100mV 85C Model Setup 'dflipflop:DFF20|Qn'
Slack : -2.095
TNS   : -4.097

Type  : Slow 1100mV 85C Model Setup 'dflipflop:DFF8|Qn'
Slack : -2.082
TNS   : -2.082

Type  : Slow 1100mV 85C Model Setup 'dflipflop:DFF29|Qn'
Slack : -2.035
TNS   : -3.702

Type  : Slow 1100mV 85C Model Setup 'dflipflop:DFF32|Qn'
Slack : -2.005
TNS   : -3.806

Type  : Slow 1100mV 85C Model Setup 'dflipflop:DFF4|Qn'
Slack : -1.974
TNS   : -1.974

Type  : Slow 1100mV 85C Model Setup 'dflipflop:DFF10|Qn'
Slack : -1.951
TNS   : -1.951

Type  : Slow 1100mV 85C Model Setup 'dflipflop:DFF18|Qn'
Slack : -1.950
TNS   : -3.824

Type  : Slow 1100mV 85C Model Setup 'dflipflop:DFF33|Qn'
Slack : -1.949
TNS   : -3.802

Type  : Slow 1100mV 85C Model Setup 'dflipflop:DFF1|Qn'
Slack : -1.948
TNS   : -1.948

Type  : Slow 1100mV 85C Model Setup 'dflipflop:DFF15|Qn'
Slack : -1.933
TNS   : -3.820

Type  : Slow 1100mV 85C Model Setup 'dflipflop:DFF13|Qn'
Slack : -1.918
TNS   : -3.731

Type  : Slow 1100mV 85C Model Setup 'dflipflop:DFF7|Qn'
Slack : -1.915
TNS   : -1.915

Type  : Slow 1100mV 85C Model Setup 'dflipflop:DFF28|Qn'
Slack : -1.907
TNS   : -3.633

Type  : Slow 1100mV 85C Model Setup 'dflipflop:DFF2|Qn'
Slack : -1.899
TNS   : -1.899

Type  : Slow 1100mV 85C Model Setup 'dflipflop:DFF3|Qn'
Slack : -1.883
TNS   : -1.883

Type  : Slow 1100mV 85C Model Setup 'dflipflop:DFF22|Qn'
Slack : -1.867
TNS   : -3.716

Type  : Slow 1100mV 85C Model Setup 'dflipflop:DFF5|Qn'
Slack : -1.865
TNS   : -1.865

Type  : Slow 1100mV 85C Model Setup 'dflipflop:DFF6|Qn'
Slack : -1.861
TNS   : -1.861

Type  : Slow 1100mV 85C Model Setup 'dflipflop:DFF12|Qn'
Slack : -1.858
TNS   : -1.858

Type  : Slow 1100mV 85C Model Setup 'dflipflop:DFF14|Qn'
Slack : -1.831
TNS   : -3.406

Type  : Slow 1100mV 85C Model Setup 'dflipflop:DFF11|Qn'
Slack : -1.809
TNS   : -1.809

Type  : Slow 1100mV 85C Model Setup 'dflipflop:DFF9|Qn'
Slack : -1.808
TNS   : -1.808

Type  : Slow 1100mV 85C Model Setup 'dflipflop:DFF16|Qn'
Slack : -1.807
TNS   : -3.516

Type  : Slow 1100mV 85C Model Setup 'dflipflop:DFF26|Qn'
Slack : -1.803
TNS   : -3.562

Type  : Slow 1100mV 85C Model Setup 'dflipflop:DFF30|Qn'
Slack : -1.774
TNS   : -3.475

Type  : Slow 1100mV 85C Model Setup 'dflipflop:DFF24|Qn'
Slack : -1.719
TNS   : -3.413

Type  : Slow 1100mV 85C Model Setup 'dflipflop:DFF21|Q'
Slack : -1.374
TNS   : -12.121

Type  : Slow 1100mV 85C Model Setup 'dflipflop:DFF0|Qn'
Slack : -1.300
TNS   : -1.300

Type  : Slow 1100mV 85C Model Setup 'dflipflop:DFF36|Qn'
Slack : -0.994
TNS   : -1.986

Type  : Slow 1100mV 85C Model Hold 'dflipflop:DFF0|Qn'
Slack : -0.138
TNS   : -0.138

Type  : Slow 1100mV 85C Model Hold 'dflipflop:DFF4|Qn'
Slack : 0.236
TNS   : 0.000

Type  : Slow 1100mV 85C Model Hold 'dflipflop:DFF32|Qn'
Slack : 0.318
TNS   : 0.000

Type  : Slow 1100mV 85C Model Hold 'dflipflop:DFF24|Qn'
Slack : 0.321
TNS   : 0.000

Type  : Slow 1100mV 85C Model Hold 'dflipflop:DFF16|Qn'
Slack : 0.328
TNS   : 0.000

Type  : Slow 1100mV 85C Model Hold 'dflipflop:DFF6|Qn'
Slack : 0.330
TNS   : 0.000

Type  : Slow 1100mV 85C Model Hold 'dflipflop:DFF30|Qn'
Slack : 0.351
TNS   : 0.000

Type  : Slow 1100mV 85C Model Hold 'dflipflop:DFF36|Qn'
Slack : 0.376
TNS   : 0.000

Type  : Slow 1100mV 85C Model Hold 'dflipflop:DFF12|Qn'
Slack : 0.392
TNS   : 0.000

Type  : Slow 1100mV 85C Model Hold 'dflipflop:DFF26|Qn'
Slack : 0.393
TNS   : 0.000

Type  : Slow 1100mV 85C Model Hold 'Clock_50'
Slack : 0.429
TNS   : 0.000

Type  : Slow 1100mV 85C Model Hold 'dflipflop:DFF28|Qn'
Slack : 0.437
TNS   : 0.000

Type  : Slow 1100mV 85C Model Hold 'dflipflop:DFF20|Qn'
Slack : 0.454
TNS   : 0.000

Type  : Slow 1100mV 85C Model Hold 'dflipflop:DFF22|Qn'
Slack : 0.465
TNS   : 0.000

Type  : Slow 1100mV 85C Model Hold 'dflipflop:DFF10|Qn'
Slack : 0.471
TNS   : 0.000

Type  : Slow 1100mV 85C Model Hold 'dflipflop:DFF11|Qn'
Slack : 0.471
TNS   : 0.000

Type  : Slow 1100mV 85C Model Hold 'dflipflop:DFF5|Qn'
Slack : 0.491
TNS   : 0.000

Type  : Slow 1100mV 85C Model Hold 'dflipflop:DFF33|Qn'
Slack : 0.497
TNS   : 0.000

Type  : Slow 1100mV 85C Model Hold 'dflipflop:DFF14|Qn'
Slack : 0.498
TNS   : 0.000

Type  : Slow 1100mV 85C Model Hold 'dflipflop:DFF9|Qn'
Slack : 0.500
TNS   : 0.000

Type  : Slow 1100mV 85C Model Hold 'dflipflop:DFF18|Qn'
Slack : 0.512
TNS   : 0.000

Type  : Slow 1100mV 85C Model Hold 'dflipflop:DFF1|Qn'
Slack : 0.519
TNS   : 0.000

Type  : Slow 1100mV 85C Model Hold 'dflipflop:DFF15|Qn'
Slack : 0.520
TNS   : 0.000

Type  : Slow 1100mV 85C Model Hold 'dflipflop:DFF2|Qn'
Slack : 0.531
TNS   : 0.000

Type  : Slow 1100mV 85C Model Hold 'dflipflop:DFF7|Qn'
Slack : 0.555
TNS   : 0.000

Type  : Slow 1100mV 85C Model Hold 'dflipflop:DFF8|Qn'
Slack : 0.566
TNS   : 0.000

Type  : Slow 1100mV 85C Model Hold 'dflipflop:DFF35|Qn'
Slack : 0.571
TNS   : 0.000

Type  : Slow 1100mV 85C Model Hold 'dflipflop:DFF13|Qn'
Slack : 0.585
TNS   : 0.000

Type  : Slow 1100mV 85C Model Hold 'dflipflop:DFF3|Qn'
Slack : 0.599
TNS   : 0.000

Type  : Slow 1100mV 85C Model Hold 'dflipflop:DFF19|Qn'
Slack : 0.640
TNS   : 0.000

Type  : Slow 1100mV 85C Model Hold 'dflipflop:DFF25|Qn'
Slack : 0.658
TNS   : 0.000

Type  : Slow 1100mV 85C Model Hold 'dflipflop:DFF29|Qn'
Slack : 0.675
TNS   : 0.000

Type  : Slow 1100mV 85C Model Hold 'dflipflop:DFF27|Qn'
Slack : 0.722
TNS   : 0.000

Type  : Slow 1100mV 85C Model Hold 'dflipflop:DFF31|Qn'
Slack : 0.736
TNS   : 0.000

Type  : Slow 1100mV 85C Model Hold 'dflipflop:DFF34|Qn'
Slack : 0.739
TNS   : 0.000

Type  : Slow 1100mV 85C Model Hold 'dflipflop:DFF23|Qn'
Slack : 0.770
TNS   : 0.000

Type  : Slow 1100mV 85C Model Hold 'dflipflop:DFF17|Qn'
Slack : 0.773
TNS   : 0.000

Type  : Slow 1100mV 85C Model Hold 'dflipflop:DFF21|Qn'
Slack : 0.851
TNS   : 0.000

Type  : Slow 1100mV 85C Model Hold 'dflipflop:DFF21|Q'
Slack : 0.896
TNS   : 0.000

Type  : Slow 1100mV 85C Model Minimum Pulse Width 'dflipflop:DFF21|Q'
Slack : -0.538
TNS   : -9.251

Type  : Slow 1100mV 85C Model Minimum Pulse Width 'dflipflop:DFF34|Qn'
Slack : -0.538
TNS   : -1.857

Type  : Slow 1100mV 85C Model Minimum Pulse Width 'dflipflop:DFF30|Qn'
Slack : -0.538
TNS   : -1.756

Type  : Slow 1100mV 85C Model Minimum Pulse Width 'dflipflop:DFF23|Qn'
Slack : -0.538
TNS   : -1.753

Type  : Slow 1100mV 85C Model Minimum Pulse Width 'dflipflop:DFF17|Qn'
Slack : -0.538
TNS   : -1.749

Type  : Slow 1100mV 85C Model Minimum Pulse Width 'dflipflop:DFF27|Qn'
Slack : -0.538
TNS   : -1.747

Type  : Slow 1100mV 85C Model Minimum Pulse Width 'dflipflop:DFF19|Qn'
Slack : -0.538
TNS   : -1.745

Type  : Slow 1100mV 85C Model Minimum Pulse Width 'dflipflop:DFF21|Qn'
Slack : -0.538
TNS   : -1.744

Type  : Slow 1100mV 85C Model Minimum Pulse Width 'dflipflop:DFF13|Qn'
Slack : -0.538
TNS   : -1.692

Type  : Slow 1100mV 85C Model Minimum Pulse Width 'dflipflop:DFF20|Qn'
Slack : -0.538
TNS   : -1.666

Type  : Slow 1100mV 85C Model Minimum Pulse Width 'dflipflop:DFF28|Qn'
Slack : -0.538
TNS   : -1.632

Type  : Slow 1100mV 85C Model Minimum Pulse Width 'dflipflop:DFF33|Qn'
Slack : -0.538
TNS   : -1.614

Type  : Slow 1100mV 85C Model Minimum Pulse Width 'dflipflop:DFF32|Qn'
Slack : -0.538
TNS   : -1.594

Type  : Slow 1100mV 85C Model Minimum Pulse Width 'dflipflop:DFF16|Qn'
Slack : -0.538
TNS   : -1.571

Type  : Slow 1100mV 85C Model Minimum Pulse Width 'dflipflop:DFF29|Qn'
Slack : -0.538
TNS   : -1.568

Type  : Slow 1100mV 85C Model Minimum Pulse Width 'dflipflop:DFF14|Qn'
Slack : -0.538
TNS   : -1.567

Type  : Slow 1100mV 85C Model Minimum Pulse Width 'dflipflop:DFF25|Qn'
Slack : -0.538
TNS   : -1.567

Type  : Slow 1100mV 85C Model Minimum Pulse Width 'dflipflop:DFF36|Qn'
Slack : -0.538
TNS   : -1.567

Type  : Slow 1100mV 85C Model Minimum Pulse Width 'dflipflop:DFF31|Qn'
Slack : -0.538
TNS   : -1.566

Type  : Slow 1100mV 85C Model Minimum Pulse Width 'dflipflop:DFF24|Qn'
Slack : -0.538
TNS   : -1.563

Type  : Slow 1100mV 85C Model Minimum Pulse Width 'dflipflop:DFF26|Qn'
Slack : -0.538
TNS   : -1.562

Type  : Slow 1100mV 85C Model Minimum Pulse Width 'dflipflop:DFF22|Qn'
Slack : -0.538
TNS   : -1.559

Type  : Slow 1100mV 85C Model Minimum Pulse Width 'dflipflop:DFF15|Qn'
Slack : -0.538
TNS   : -1.556

Type  : Slow 1100mV 85C Model Minimum Pulse Width 'dflipflop:DFF35|Qn'
Slack : -0.538
TNS   : -1.554

Type  : Slow 1100mV 85C Model Minimum Pulse Width 'dflipflop:DFF18|Qn'
Slack : -0.538
TNS   : -1.544

Type  : Slow 1100mV 85C Model Minimum Pulse Width 'Clock_50'
Slack : -0.538
TNS   : -0.905

Type  : Slow 1100mV 85C Model Minimum Pulse Width 'dflipflop:DFF7|Qn'
Slack : -0.538
TNS   : -0.879

Type  : Slow 1100mV 85C Model Minimum Pulse Width 'dflipflop:DFF3|Qn'
Slack : -0.538
TNS   : -0.867

Type  : Slow 1100mV 85C Model Minimum Pulse Width 'dflipflop:DFF4|Qn'
Slack : -0.538
TNS   : -0.828

Type  : Slow 1100mV 85C Model Minimum Pulse Width 'dflipflop:DFF10|Qn'
Slack : -0.538
TNS   : -0.823

Type  : Slow 1100mV 85C Model Minimum Pulse Width 'dflipflop:DFF1|Qn'
Slack : -0.538
TNS   : -0.807

Type  : Slow 1100mV 85C Model Minimum Pulse Width 'dflipflop:DFF6|Qn'
Slack : -0.538
TNS   : -0.804

Type  : Slow 1100mV 85C Model Minimum Pulse Width 'dflipflop:DFF0|Qn'
Slack : -0.538
TNS   : -0.791

Type  : Slow 1100mV 85C Model Minimum Pulse Width 'dflipflop:DFF12|Qn'
Slack : -0.538
TNS   : -0.788

Type  : Slow 1100mV 85C Model Minimum Pulse Width 'dflipflop:DFF9|Qn'
Slack : -0.538
TNS   : -0.784

Type  : Slow 1100mV 85C Model Minimum Pulse Width 'dflipflop:DFF11|Qn'
Slack : -0.538
TNS   : -0.782

Type  : Slow 1100mV 85C Model Minimum Pulse Width 'dflipflop:DFF5|Qn'
Slack : -0.538
TNS   : -0.782

Type  : Slow 1100mV 85C Model Minimum Pulse Width 'dflipflop:DFF8|Qn'
Slack : -0.538
TNS   : -0.781

Type  : Slow 1100mV 85C Model Minimum Pulse Width 'dflipflop:DFF2|Qn'
Slack : -0.538
TNS   : -0.779

Type  : Slow 1100mV 0C Model Setup 'dflipflop:DFF21|Qn'
Slack : -2.374
TNS   : -4.137

Type  : Slow 1100mV 0C Model Setup 'dflipflop:DFF31|Qn'
Slack : -2.288
TNS   : -4.022

Type  : Slow 1100mV 0C Model Setup 'dflipflop:DFF23|Qn'
Slack : -2.279
TNS   : -3.979

Type  : Slow 1100mV 0C Model Setup 'dflipflop:DFF17|Qn'
Slack : -2.264
TNS   : -4.103

Type  : Slow 1100mV 0C Model Setup 'dflipflop:DFF25|Qn'
Slack : -2.204
TNS   : -3.897

Type  : Slow 1100mV 0C Model Setup 'dflipflop:DFF34|Qn'
Slack : -2.158
TNS   : -3.844

Type  : Slow 1100mV 0C Model Setup 'dflipflop:DFF27|Qn'
Slack : -2.148
TNS   : -3.814

Type  : Slow 1100mV 0C Model Setup 'dflipflop:DFF19|Qn'
Slack : -2.148
TNS   : -3.747

Type  : Slow 1100mV 0C Model Setup 'dflipflop:DFF29|Qn'
Slack : -2.105
TNS   : -3.712

Type  : Slow 1100mV 0C Model Setup 'Clock_50'
Slack : -2.020
TNS   : -2.020

Type  : Slow 1100mV 0C Model Setup 'dflipflop:DFF35|Qn'
Slack : -1.996
TNS   : -3.903

Type  : Slow 1100mV 0C Model Setup 'dflipflop:DFF20|Qn'
Slack : -1.987
TNS   : -3.912

Type  : Slow 1100mV 0C Model Setup 'dflipflop:DFF7|Qn'
Slack : -1.972
TNS   : -1.972

Type  : Slow 1100mV 0C Model Setup 'dflipflop:DFF8|Qn'
Slack : -1.964
TNS   : -1.964

Type  : Slow 1100mV 0C Model Setup 'dflipflop:DFF28|Qn'
Slack : -1.930
TNS   : -3.504

Type  : Slow 1100mV 0C Model Setup 'dflipflop:DFF5|Qn'
Slack : -1.900
TNS   : -1.900

Type  : Slow 1100mV 0C Model Setup 'dflipflop:DFF32|Qn'
Slack : -1.892
TNS   : -3.594

Type  : Slow 1100mV 0C Model Setup 'dflipflop:DFF3|Qn'
Slack : -1.880
TNS   : -1.880

Type  : Slow 1100mV 0C Model Setup 'dflipflop:DFF26|Qn'
Slack : -1.879
TNS   : -3.600

Type  : Slow 1100mV 0C Model Setup 'dflipflop:DFF22|Qn'
Slack : -1.873
TNS   : -3.630

Type  : Slow 1100mV 0C Model Setup 'dflipflop:DFF14|Qn'
Slack : -1.870
TNS   : -3.366

Type  : Slow 1100mV 0C Model Setup 'dflipflop:DFF15|Qn'
Slack : -1.850
TNS   : -3.662

Type  : Slow 1100mV 0C Model Setup 'dflipflop:DFF11|Qn'
Slack : -1.850
TNS   : -1.850

Type  : Slow 1100mV 0C Model Setup 'dflipflop:DFF33|Qn'
Slack : -1.845
TNS   : -3.603

Type  : Slow 1100mV 0C Model Setup 'dflipflop:DFF18|Qn'
Slack : -1.838
TNS   : -3.584

Type  : Slow 1100mV 0C Model Setup 'dflipflop:DFF4|Qn'
Slack : -1.834
TNS   : -1.834

Type  : Slow 1100mV 0C Model Setup 'dflipflop:DFF1|Qn'
Slack : -1.829
TNS   : -1.829

Type  : Slow 1100mV 0C Model Setup 'dflipflop:DFF2|Qn'
Slack : -1.825
TNS   : -1.825

Type  : Slow 1100mV 0C Model Setup 'dflipflop:DFF10|Qn'
Slack : -1.823
TNS   : -1.823

Type  : Slow 1100mV 0C Model Setup 'dflipflop:DFF9|Qn'
Slack : -1.810
TNS   : -1.810

Type  : Slow 1100mV 0C Model Setup 'dflipflop:DFF12|Qn'
Slack : -1.786
TNS   : -1.786

Type  : Slow 1100mV 0C Model Setup 'dflipflop:DFF13|Qn'
Slack : -1.783
TNS   : -3.451

Type  : Slow 1100mV 0C Model Setup 'dflipflop:DFF6|Qn'
Slack : -1.782
TNS   : -1.782

Type  : Slow 1100mV 0C Model Setup 'dflipflop:DFF30|Qn'
Slack : -1.767
TNS   : -3.375

Type  : Slow 1100mV 0C Model Setup 'dflipflop:DFF16|Qn'
Slack : -1.716
TNS   : -3.321

Type  : Slow 1100mV 0C Model Setup 'dflipflop:DFF24|Qn'
Slack : -1.595
TNS   : -3.143

Type  : Slow 1100mV 0C Model Setup 'dflipflop:DFF0|Qn'
Slack : -1.421
TNS   : -1.421

Type  : Slow 1100mV 0C Model Setup 'dflipflop:DFF21|Q'
Slack : -1.286
TNS   : -12.159

Type  : Slow 1100mV 0C Model Setup 'dflipflop:DFF36|Qn'
Slack : -0.883
TNS   : -1.766

Type  : Slow 1100mV 0C Model Hold 'dflipflop:DFF0|Qn'
Slack : 0.058
TNS   : 0.000

Type  : Slow 1100mV 0C Model Hold 'dflipflop:DFF4|Qn'
Slack : 0.212
TNS   : 0.000

Type  : Slow 1100mV 0C Model Hold 'dflipflop:DFF24|Qn'
Slack : 0.265
TNS   : 0.000

Type  : Slow 1100mV 0C Model Hold 'dflipflop:DFF32|Qn'
Slack : 0.299
TNS   : 0.000

Type  : Slow 1100mV 0C Model Hold 'Clock_50'
Slack : 0.329
TNS   : 0.000

Type  : Slow 1100mV 0C Model Hold 'dflipflop:DFF16|Qn'
Slack : 0.338
TNS   : 0.000

Type  : Slow 1100mV 0C Model Hold 'dflipflop:DFF6|Qn'
Slack : 0.359
TNS   : 0.000

Type  : Slow 1100mV 0C Model Hold 'dflipflop:DFF30|Qn'
Slack : 0.380
TNS   : 0.000

Type  : Slow 1100mV 0C Model Hold 'dflipflop:DFF36|Qn'
Slack : 0.392
TNS   : 0.000

Type  : Slow 1100mV 0C Model Hold 'dflipflop:DFF12|Qn'
Slack : 0.427
TNS   : 0.000

Type  : Slow 1100mV 0C Model Hold 'dflipflop:DFF10|Qn'
Slack : 0.436
TNS   : 0.000

Type  : Slow 1100mV 0C Model Hold 'dflipflop:DFF1|Qn'
Slack : 0.477
TNS   : 0.000

Type  : Slow 1100mV 0C Model Hold 'dflipflop:DFF33|Qn'
Slack : 0.480
TNS   : 0.000

Type  : Slow 1100mV 0C Model Hold 'dflipflop:DFF28|Qn'
Slack : 0.487
TNS   : 0.000

Type  : Slow 1100mV 0C Model Hold 'dflipflop:DFF20|Qn'
Slack : 0.490
TNS   : 0.000

Type  : Slow 1100mV 0C Model Hold 'dflipflop:DFF18|Qn'
Slack : 0.500
TNS   : 0.000

Type  : Slow 1100mV 0C Model Hold 'dflipflop:DFF13|Qn'
Slack : 0.517
TNS   : 0.000

Type  : Slow 1100mV 0C Model Hold 'dflipflop:DFF2|Qn'
Slack : 0.523
TNS   : 0.000

Type  : Slow 1100mV 0C Model Hold 'dflipflop:DFF9|Qn'
Slack : 0.529
TNS   : 0.000

Type  : Slow 1100mV 0C Model Hold 'dflipflop:DFF15|Qn'
Slack : 0.530
TNS   : 0.000

Type  : Slow 1100mV 0C Model Hold 'dflipflop:DFF35|Qn'
Slack : 0.530
TNS   : 0.000

Type  : Slow 1100mV 0C Model Hold 'dflipflop:DFF8|Qn'
Slack : 0.536
TNS   : 0.000

Type  : Slow 1100mV 0C Model Hold 'dflipflop:DFF11|Qn'
Slack : 0.539
TNS   : 0.000

Type  : Slow 1100mV 0C Model Hold 'dflipflop:DFF26|Qn'
Slack : 0.558
TNS   : 0.000

Type  : Slow 1100mV 0C Model Hold 'dflipflop:DFF22|Qn'
Slack : 0.562
TNS   : 0.000

Type  : Slow 1100mV 0C Model Hold 'dflipflop:DFF5|Qn'
Slack : 0.562
TNS   : 0.000

Type  : Slow 1100mV 0C Model Hold 'dflipflop:DFF14|Qn'
Slack : 0.564
TNS   : 0.000

Type  : Slow 1100mV 0C Model Hold 'dflipflop:DFF3|Qn'
Slack : 0.613
TNS   : 0.000

Type  : Slow 1100mV 0C Model Hold 'dflipflop:DFF19|Qn'
Slack : 0.647
TNS   : 0.000

Type  : Slow 1100mV 0C Model Hold 'dflipflop:DFF7|Qn'
Slack : 0.652
TNS   : 0.000

Type  : Slow 1100mV 0C Model Hold 'dflipflop:DFF29|Qn'
Slack : 0.718
TNS   : 0.000

Type  : Slow 1100mV 0C Model Hold 'dflipflop:DFF27|Qn'
Slack : 0.722
TNS   : 0.000

Type  : Slow 1100mV 0C Model Hold 'dflipflop:DFF34|Qn'
Slack : 0.736
TNS   : 0.000

Type  : Slow 1100mV 0C Model Hold 'dflipflop:DFF25|Qn'
Slack : 0.744
TNS   : 0.000

Type  : Slow 1100mV 0C Model Hold 'dflipflop:DFF31|Qn'
Slack : 0.795
TNS   : 0.000

Type  : Slow 1100mV 0C Model Hold 'dflipflop:DFF23|Qn'
Slack : 0.816
TNS   : 0.000

Type  : Slow 1100mV 0C Model Hold 'dflipflop:DFF17|Qn'
Slack : 0.830
TNS   : 0.000

Type  : Slow 1100mV 0C Model Hold 'dflipflop:DFF21|Qn'
Slack : 0.835
TNS   : 0.000

Type  : Slow 1100mV 0C Model Hold 'dflipflop:DFF21|Q'
Slack : 0.862
TNS   : 0.000

Type  : Slow 1100mV 0C Model Minimum Pulse Width 'dflipflop:DFF21|Q'
Slack : -0.538
TNS   : -9.274

Type  : Slow 1100mV 0C Model Minimum Pulse Width 'dflipflop:DFF34|Qn'
Slack : -0.538
TNS   : -1.750

Type  : Slow 1100mV 0C Model Minimum Pulse Width 'dflipflop:DFF20|Qn'
Slack : -0.538
TNS   : -1.655

Type  : Slow 1100mV 0C Model Minimum Pulse Width 'dflipflop:DFF23|Qn'
Slack : -0.538
TNS   : -1.655

Type  : Slow 1100mV 0C Model Minimum Pulse Width 'dflipflop:DFF17|Qn'
Slack : -0.538
TNS   : -1.643

Type  : Slow 1100mV 0C Model Minimum Pulse Width 'dflipflop:DFF27|Qn'
Slack : -0.538
TNS   : -1.633

Type  : Slow 1100mV 0C Model Minimum Pulse Width 'dflipflop:DFF19|Qn'
Slack : -0.538
TNS   : -1.629

Type  : Slow 1100mV 0C Model Minimum Pulse Width 'dflipflop:DFF21|Qn'
Slack : -0.538
TNS   : -1.626

Type  : Slow 1100mV 0C Model Minimum Pulse Width 'dflipflop:DFF30|Qn'
Slack : -0.538
TNS   : -1.606

Type  : Slow 1100mV 0C Model Minimum Pulse Width 'dflipflop:DFF13|Qn'
Slack : -0.538
TNS   : -1.597

Type  : Slow 1100mV 0C Model Minimum Pulse Width 'dflipflop:DFF32|Qn'
Slack : -0.538
TNS   : -1.586

Type  : Slow 1100mV 0C Model Minimum Pulse Width 'dflipflop:DFF24|Qn'
Slack : -0.538
TNS   : -1.577

Type  : Slow 1100mV 0C Model Minimum Pulse Width 'dflipflop:DFF35|Qn'
Slack : -0.538
TNS   : -1.570

Type  : Slow 1100mV 0C Model Minimum Pulse Width 'dflipflop:DFF16|Qn'
Slack : -0.538
TNS   : -1.565

Type  : Slow 1100mV 0C Model Minimum Pulse Width 'dflipflop:DFF29|Qn'
Slack : -0.538
TNS   : -1.560

Type  : Slow 1100mV 0C Model Minimum Pulse Width 'dflipflop:DFF36|Qn'
Slack : -0.538
TNS   : -1.560

Type  : Slow 1100mV 0C Model Minimum Pulse Width 'dflipflop:DFF25|Qn'
Slack : -0.538
TNS   : -1.559

Type  : Slow 1100mV 0C Model Minimum Pulse Width 'dflipflop:DFF15|Qn'
Slack : -0.538
TNS   : -1.558

Type  : Slow 1100mV 0C Model Minimum Pulse Width 'dflipflop:DFF31|Qn'
Slack : -0.538
TNS   : -1.558

Type  : Slow 1100mV 0C Model Minimum Pulse Width 'dflipflop:DFF14|Qn'
Slack : -0.538
TNS   : -1.557

Type  : Slow 1100mV 0C Model Minimum Pulse Width 'dflipflop:DFF26|Qn'
Slack : -0.538
TNS   : -1.556

Type  : Slow 1100mV 0C Model Minimum Pulse Width 'dflipflop:DFF33|Qn'
Slack : -0.538
TNS   : -1.554

Type  : Slow 1100mV 0C Model Minimum Pulse Width 'dflipflop:DFF22|Qn'
Slack : -0.538
TNS   : -1.553

Type  : Slow 1100mV 0C Model Minimum Pulse Width 'dflipflop:DFF18|Qn'
Slack : -0.538
TNS   : -1.544

Type  : Slow 1100mV 0C Model Minimum Pulse Width 'dflipflop:DFF28|Qn'
Slack : -0.538
TNS   : -1.544

Type  : Slow 1100mV 0C Model Minimum Pulse Width 'Clock_50'
Slack : -0.538
TNS   : -0.926

Type  : Slow 1100mV 0C Model Minimum Pulse Width 'dflipflop:DFF4|Qn'
Slack : -0.538
TNS   : -0.828

Type  : Slow 1100mV 0C Model Minimum Pulse Width 'dflipflop:DFF7|Qn'
Slack : -0.538
TNS   : -0.824

Type  : Slow 1100mV 0C Model Minimum Pulse Width 'dflipflop:DFF3|Qn'
Slack : -0.538
TNS   : -0.807

Type  : Slow 1100mV 0C Model Minimum Pulse Width 'dflipflop:DFF1|Qn'
Slack : -0.538
TNS   : -0.805

Type  : Slow 1100mV 0C Model Minimum Pulse Width 'dflipflop:DFF6|Qn'
Slack : -0.538
TNS   : -0.797

Type  : Slow 1100mV 0C Model Minimum Pulse Width 'dflipflop:DFF0|Qn'
Slack : -0.538
TNS   : -0.789

Type  : Slow 1100mV 0C Model Minimum Pulse Width 'dflipflop:DFF12|Qn'
Slack : -0.538
TNS   : -0.787

Type  : Slow 1100mV 0C Model Minimum Pulse Width 'dflipflop:DFF5|Qn'
Slack : -0.538
TNS   : -0.779

Type  : Slow 1100mV 0C Model Minimum Pulse Width 'dflipflop:DFF11|Qn'
Slack : -0.538
TNS   : -0.778

Type  : Slow 1100mV 0C Model Minimum Pulse Width 'dflipflop:DFF9|Qn'
Slack : -0.538
TNS   : -0.778

Type  : Slow 1100mV 0C Model Minimum Pulse Width 'dflipflop:DFF2|Qn'
Slack : -0.538
TNS   : -0.777

Type  : Slow 1100mV 0C Model Minimum Pulse Width 'dflipflop:DFF10|Qn'
Slack : -0.538
TNS   : -0.772

Type  : Slow 1100mV 0C Model Minimum Pulse Width 'dflipflop:DFF8|Qn'
Slack : -0.538
TNS   : -0.770

Type  : Fast 1100mV 85C Model Setup 'Clock_50'
Slack : -1.527
TNS   : -1.527

Type  : Fast 1100mV 85C Model Setup 'dflipflop:DFF31|Qn'
Slack : -1.176
TNS   : -2.144

Type  : Fast 1100mV 85C Model Setup 'dflipflop:DFF35|Qn'
Slack : -1.127
TNS   : -2.251

Type  : Fast 1100mV 85C Model Setup 'dflipflop:DFF21|Qn'
Slack : -1.123
TNS   : -2.098

Type  : Fast 1100mV 85C Model Setup 'dflipflop:DFF20|Qn'
Slack : -1.118
TNS   : -2.128

Type  : Fast 1100mV 85C Model Setup 'dflipflop:DFF8|Qn'
Slack : -1.117
TNS   : -1.117

Type  : Fast 1100mV 85C Model Setup 'dflipflop:DFF18|Qn'
Slack : -1.114
TNS   : -2.109

Type  : Fast 1100mV 85C Model Setup 'dflipflop:DFF2|Qn'
Slack : -1.096
TNS   : -1.096

Type  : Fast 1100mV 85C Model Setup 'dflipflop:DFF33|Qn'
Slack : -1.082
TNS   : -2.055

Type  : Fast 1100mV 85C Model Setup 'dflipflop:DFF17|Qn'
Slack : -1.080
TNS   : -2.084

Type  : Fast 1100mV 85C Model Setup 'dflipflop:DFF15|Qn'
Slack : -1.076
TNS   : -2.107

Type  : Fast 1100mV 85C Model Setup 'dflipflop:DFF25|Qn'
Slack : -1.076
TNS   : -2.084

Type  : Fast 1100mV 85C Model Setup 'dflipflop:DFF23|Qn'
Slack : -1.074
TNS   : -2.046

Type  : Fast 1100mV 85C Model Setup 'dflipflop:DFF32|Qn'
Slack : -1.043
TNS   : -1.986

Type  : Fast 1100mV 85C Model Setup 'dflipflop:DFF10|Qn'
Slack : -1.040
TNS   : -1.040

Type  : Fast 1100mV 85C Model Setup 'dflipflop:DFF22|Qn'
Slack : -1.038
TNS   : -1.996

Type  : Fast 1100mV 85C Model Setup 'dflipflop:DFF29|Qn'
Slack : -1.026
TNS   : -2.010

Type  : Fast 1100mV 85C Model Setup 'dflipflop:DFF19|Qn'
Slack : -1.023
TNS   : -1.867

Type  : Fast 1100mV 85C Model Setup 'dflipflop:DFF13|Qn'
Slack : -1.020
TNS   : -1.966

Type  : Fast 1100mV 85C Model Setup 'dflipflop:DFF26|Qn'
Slack : -1.020
TNS   : -1.822

Type  : Fast 1100mV 85C Model Setup 'dflipflop:DFF1|Qn'
Slack : -1.014
TNS   : -1.014

Type  : Fast 1100mV 85C Model Setup 'dflipflop:DFF16|Qn'
Slack : -1.013
TNS   : -1.913

Type  : Fast 1100mV 85C Model Setup 'dflipflop:DFF6|Qn'
Slack : -1.012
TNS   : -1.012

Type  : Fast 1100mV 85C Model Setup 'dflipflop:DFF4|Qn'
Slack : -1.002
TNS   : -1.002

Type  : Fast 1100mV 85C Model Setup 'dflipflop:DFF34|Qn'
Slack : -0.995
TNS   : -1.927

Type  : Fast 1100mV 85C Model Setup 'dflipflop:DFF27|Qn'
Slack : -0.989
TNS   : -1.902

Type  : Fast 1100mV 85C Model Setup 'dflipflop:DFF5|Qn'
Slack : -0.974
TNS   : -0.974

Type  : Fast 1100mV 85C Model Setup 'dflipflop:DFF12|Qn'
Slack : -0.970
TNS   : -0.970

Type  : Fast 1100mV 85C Model Setup 'dflipflop:DFF14|Qn'
Slack : -0.960
TNS   : -1.815

Type  : Fast 1100mV 85C Model Setup 'dflipflop:DFF9|Qn'
Slack : -0.960
TNS   : -0.960

Type  : Fast 1100mV 85C Model Setup 'dflipflop:DFF11|Qn'
Slack : -0.949
TNS   : -0.949

Type  : Fast 1100mV 85C Model Setup 'dflipflop:DFF28|Qn'
Slack : -0.927
TNS   : -1.843

Type  : Fast 1100mV 85C Model Setup 'dflipflop:DFF3|Qn'
Slack : -0.921
TNS   : -0.921

Type  : Fast 1100mV 85C Model Setup 'dflipflop:DFF30|Qn'
Slack : -0.901
TNS   : -1.762

Type  : Fast 1100mV 85C Model Setup 'dflipflop:DFF24|Qn'
Slack : -0.882
TNS   : -1.685

Type  : Fast 1100mV 85C Model Setup 'dflipflop:DFF7|Qn'
Slack : -0.815
TNS   : -0.815

Type  : Fast 1100mV 85C Model Setup 'dflipflop:DFF0|Qn'
Slack : -0.517
TNS   : -0.517

Type  : Fast 1100mV 85C Model Setup 'dflipflop:DFF21|Q'
Slack : -0.505
TNS   : -3.955

Type  : Fast 1100mV 85C Model Setup 'dflipflop:DFF36|Qn'
Slack : -0.135
TNS   : -0.269

Type  : Fast 1100mV 85C Model Hold 'dflipflop:DFF0|Qn'
Slack : -0.292
TNS   : -0.292

Type  : Fast 1100mV 85C Model Hold 'dflipflop:DFF4|Qn'
Slack : -0.006
TNS   : -0.006

Type  : Fast 1100mV 85C Model Hold 'dflipflop:DFF26|Qn'
Slack : 0.036
TNS   : 0.000

Type  : Fast 1100mV 85C Model Hold 'dflipflop:DFF30|Qn'
Slack : 0.048
TNS   : 0.000

Type  : Fast 1100mV 85C Model Hold 'dflipflop:DFF7|Qn'
Slack : 0.050
TNS   : 0.000

Type  : Fast 1100mV 85C Model Hold 'dflipflop:DFF24|Qn'
Slack : 0.062
TNS   : 0.000

Type  : Fast 1100mV 85C Model Hold 'dflipflop:DFF32|Qn'
Slack : 0.075
TNS   : 0.000

Type  : Fast 1100mV 85C Model Hold 'dflipflop:DFF28|Qn'
Slack : 0.099
TNS   : 0.000

Type  : Fast 1100mV 85C Model Hold 'dflipflop:DFF12|Qn'
Slack : 0.125
TNS   : 0.000

Type  : Fast 1100mV 85C Model Hold 'dflipflop:DFF6|Qn'
Slack : 0.138
TNS   : 0.000

Type  : Fast 1100mV 85C Model Hold 'dflipflop:DFF11|Qn'
Slack : 0.145
TNS   : 0.000

Type  : Fast 1100mV 85C Model Hold 'dflipflop:DFF16|Qn'
Slack : 0.147
TNS   : 0.000

Type  : Fast 1100mV 85C Model Hold 'dflipflop:DFF3|Qn'
Slack : 0.148
TNS   : 0.000

Type  : Fast 1100mV 85C Model Hold 'dflipflop:DFF5|Qn'
Slack : 0.154
TNS   : 0.000

Type  : Fast 1100mV 85C Model Hold 'dflipflop:DFF1|Qn'
Slack : 0.159
TNS   : 0.000

Type  : Fast 1100mV 85C Model Hold 'dflipflop:DFF10|Qn'
Slack : 0.163
TNS   : 0.000

Type  : Fast 1100mV 85C Model Hold 'dflipflop:DFF14|Qn'
Slack : 0.163
TNS   : 0.000

Type  : Fast 1100mV 85C Model Hold 'dflipflop:DFF9|Qn'
Slack : 0.164
TNS   : 0.000

Type  : Fast 1100mV 85C Model Hold 'dflipflop:DFF22|Qn'
Slack : 0.192
TNS   : 0.000

Type  : Fast 1100mV 85C Model Hold 'dflipflop:DFF36|Qn'
Slack : 0.214
TNS   : 0.000

Type  : Fast 1100mV 85C Model Hold 'dflipflop:DFF8|Qn'
Slack : 0.215
TNS   : 0.000

Type  : Fast 1100mV 85C Model Hold 'dflipflop:DFF20|Qn'
Slack : 0.220
TNS   : 0.000

Type  : Fast 1100mV 85C Model Hold 'dflipflop:DFF34|Qn'
Slack : 0.221
TNS   : 0.000

Type  : Fast 1100mV 85C Model Hold 'dflipflop:DFF27|Qn'
Slack : 0.233
TNS   : 0.000

Type  : Fast 1100mV 85C Model Hold 'dflipflop:DFF33|Qn'
Slack : 0.233
TNS   : 0.000

Type  : Fast 1100mV 85C Model Hold 'dflipflop:DFF25|Qn'
Slack : 0.237
TNS   : 0.000

Type  : Fast 1100mV 85C Model Hold 'dflipflop:DFF19|Qn'
Slack : 0.239
TNS   : 0.000

Type  : Fast 1100mV 85C Model Hold 'dflipflop:DFF13|Qn'
Slack : 0.240
TNS   : 0.000

Type  : Fast 1100mV 85C Model Hold 'dflipflop:DFF23|Qn'
Slack : 0.242
TNS   : 0.000

Type  : Fast 1100mV 85C Model Hold 'dflipflop:DFF17|Qn'
Slack : 0.244
TNS   : 0.000

Type  : Fast 1100mV 85C Model Hold 'dflipflop:DFF15|Qn'
Slack : 0.254
TNS   : 0.000

Type  : Fast 1100mV 85C Model Hold 'dflipflop:DFF18|Qn'
Slack : 0.269
TNS   : 0.000

Type  : Fast 1100mV 85C Model Hold 'dflipflop:DFF29|Qn'
Slack : 0.272
TNS   : 0.000

Type  : Fast 1100mV 85C Model Hold 'dflipflop:DFF35|Qn'
Slack : 0.272
TNS   : 0.000

Type  : Fast 1100mV 85C Model Hold 'dflipflop:DFF2|Qn'
Slack : 0.290
TNS   : 0.000

Type  : Fast 1100mV 85C Model Hold 'dflipflop:DFF31|Qn'
Slack : 0.315
TNS   : 0.000

Type  : Fast 1100mV 85C Model Hold 'dflipflop:DFF21|Q'
Slack : 0.318
TNS   : 0.000

Type  : Fast 1100mV 85C Model Hold 'dflipflop:DFF21|Qn'
Slack : 0.348
TNS   : 0.000

Type  : Fast 1100mV 85C Model Hold 'Clock_50'
Slack : 0.524
TNS   : 0.000

Type  : Fast 1100mV 85C Model Minimum Pulse Width 'Clock_50'
Slack : -0.390
TNS   : -0.431

Type  : Fast 1100mV 85C Model Minimum Pulse Width 'dflipflop:DFF4|Qn'
Slack : -0.078
TNS   : -0.078

Type  : Fast 1100mV 85C Model Minimum Pulse Width 'dflipflop:DFF20|Qn'
Slack : -0.070
TNS   : -0.070

Type  : Fast 1100mV 85C Model Minimum Pulse Width 'dflipflop:DFF32|Qn'
Slack : 0.054
TNS   : 0.000

Type  : Fast 1100mV 85C Model Minimum Pulse Width 'dflipflop:DFF1|Qn'
Slack : 0.069
TNS   : 0.000

Type  : Fast 1100mV 85C Model Minimum Pulse Width 'dflipflop:DFF24|Qn'
Slack : 0.082
TNS   : 0.000

Type  : Fast 1100mV 85C Model Minimum Pulse Width 'dflipflop:DFF14|Qn'
Slack : 0.091
TNS   : 0.000

Type  : Fast 1100mV 85C Model Minimum Pulse Width 'dflipflop:DFF25|Qn'
Slack : 0.091
TNS   : 0.000

Type  : Fast 1100mV 85C Model Minimum Pulse Width 'dflipflop:DFF29|Qn'
Slack : 0.091
TNS   : 0.000

Type  : Fast 1100mV 85C Model Minimum Pulse Width 'dflipflop:DFF31|Qn'
Slack : 0.091
TNS   : 0.000

Type  : Fast 1100mV 85C Model Minimum Pulse Width 'dflipflop:DFF34|Qn'
Slack : 0.091
TNS   : 0.000

Type  : Fast 1100mV 85C Model Minimum Pulse Width 'dflipflop:DFF36|Qn'
Slack : 0.091
TNS   : 0.000

Type  : Fast 1100mV 85C Model Minimum Pulse Width 'dflipflop:DFF33|Qn'
Slack : 0.092
TNS   : 0.000

Type  : Fast 1100mV 85C Model Minimum Pulse Width 'dflipflop:DFF9|Qn'
Slack : 0.092
TNS   : 0.000

Type  : Fast 1100mV 85C Model Minimum Pulse Width 'dflipflop:DFF5|Qn'
Slack : 0.093
TNS   : 0.000

Type  : Fast 1100mV 85C Model Minimum Pulse Width 'dflipflop:DFF11|Qn'
Slack : 0.094
TNS   : 0.000

Type  : Fast 1100mV 85C Model Minimum Pulse Width 'dflipflop:DFF6|Qn'
Slack : 0.100
TNS   : 0.000

Type  : Fast 1100mV 85C Model Minimum Pulse Width 'dflipflop:DFF22|Qn'
Slack : 0.110
TNS   : 0.000

Type  : Fast 1100mV 85C Model Minimum Pulse Width 'dflipflop:DFF26|Qn'
Slack : 0.110
TNS   : 0.000

Type  : Fast 1100mV 85C Model Minimum Pulse Width 'dflipflop:DFF35|Qn'
Slack : 0.112
TNS   : 0.000

Type  : Fast 1100mV 85C Model Minimum Pulse Width 'dflipflop:DFF19|Qn'
Slack : 0.116
TNS   : 0.000

Type  : Fast 1100mV 85C Model Minimum Pulse Width 'dflipflop:DFF2|Qn'
Slack : 0.116
TNS   : 0.000

Type  : Fast 1100mV 85C Model Minimum Pulse Width 'dflipflop:DFF12|Qn'
Slack : 0.117
TNS   : 0.000

Type  : Fast 1100mV 85C Model Minimum Pulse Width 'dflipflop:DFF27|Qn'
Slack : 0.117
TNS   : 0.000

Type  : Fast 1100mV 85C Model Minimum Pulse Width 'dflipflop:DFF8|Qn'
Slack : 0.117
TNS   : 0.000

Type  : Fast 1100mV 85C Model Minimum Pulse Width 'dflipflop:DFF13|Qn'
Slack : 0.118
TNS   : 0.000

Type  : Fast 1100mV 85C Model Minimum Pulse Width 'dflipflop:DFF21|Qn'
Slack : 0.118
TNS   : 0.000

Type  : Fast 1100mV 85C Model Minimum Pulse Width 'dflipflop:DFF7|Qn'
Slack : 0.118
TNS   : 0.000

Type  : Fast 1100mV 85C Model Minimum Pulse Width 'dflipflop:DFF23|Qn'
Slack : 0.119
TNS   : 0.000

Type  : Fast 1100mV 85C Model Minimum Pulse Width 'dflipflop:DFF3|Qn'
Slack : 0.119
TNS   : 0.000

Type  : Fast 1100mV 85C Model Minimum Pulse Width 'dflipflop:DFF17|Qn'
Slack : 0.121
TNS   : 0.000

Type  : Fast 1100mV 85C Model Minimum Pulse Width 'dflipflop:DFF21|Q'
Slack : 0.124
TNS   : 0.000

Type  : Fast 1100mV 85C Model Minimum Pulse Width 'dflipflop:DFF16|Qn'
Slack : 0.130
TNS   : 0.000

Type  : Fast 1100mV 85C Model Minimum Pulse Width 'dflipflop:DFF30|Qn'
Slack : 0.130
TNS   : 0.000

Type  : Fast 1100mV 85C Model Minimum Pulse Width 'dflipflop:DFF0|Qn'
Slack : 0.140
TNS   : 0.000

Type  : Fast 1100mV 85C Model Minimum Pulse Width 'dflipflop:DFF18|Qn'
Slack : 0.146
TNS   : 0.000

Type  : Fast 1100mV 85C Model Minimum Pulse Width 'dflipflop:DFF15|Qn'
Slack : 0.147
TNS   : 0.000

Type  : Fast 1100mV 85C Model Minimum Pulse Width 'dflipflop:DFF10|Qn'
Slack : 0.150
TNS   : 0.000

Type  : Fast 1100mV 85C Model Minimum Pulse Width 'dflipflop:DFF28|Qn'
Slack : 0.159
TNS   : 0.000

Type  : Fast 1100mV 0C Model Setup 'Clock_50'
Slack : -1.248
TNS   : -1.248

Type  : Fast 1100mV 0C Model Setup 'dflipflop:DFF31|Qn'
Slack : -1.071
TNS   : -1.929

Type  : Fast 1100mV 0C Model Setup 'dflipflop:DFF21|Qn'
Slack : -1.030
TNS   : -1.882

Type  : Fast 1100mV 0C Model Setup 'dflipflop:DFF35|Qn'
Slack : -0.995
TNS   : -1.941

Type  : Fast 1100mV 0C Model Setup 'dflipflop:DFF25|Qn'
Slack : -0.983
TNS   : -1.876

Type  : Fast 1100mV 0C Model Setup 'dflipflop:DFF18|Qn'
Slack : -0.982
TNS   : -1.838

Type  : Fast 1100mV 0C Model Setup 'dflipflop:DFF17|Qn'
Slack : -0.981
TNS   : -1.854

Type  : Fast 1100mV 0C Model Setup 'dflipflop:DFF20|Qn'
Slack : -0.980
TNS   : -1.806

Type  : Fast 1100mV 0C Model Setup 'dflipflop:DFF23|Qn'
Slack : -0.979
TNS   : -1.834

Type  : Fast 1100mV 0C Model Setup 'dflipflop:DFF8|Qn'
Slack : -0.979
TNS   : -0.979

Type  : Fast 1100mV 0C Model Setup 'dflipflop:DFF2|Qn'
Slack : -0.962
TNS   : -0.962

Type  : Fast 1100mV 0C Model Setup 'dflipflop:DFF15|Qn'
Slack : -0.950
TNS   : -1.861

Type  : Fast 1100mV 0C Model Setup 'dflipflop:DFF33|Qn'
Slack : -0.950
TNS   : -1.800

Type  : Fast 1100mV 0C Model Setup 'dflipflop:DFF29|Qn'
Slack : -0.943
TNS   : -1.814

Type  : Fast 1100mV 0C Model Setup 'dflipflop:DFF19|Qn'
Slack : -0.933
TNS   : -1.668

Type  : Fast 1100mV 0C Model Setup 'dflipflop:DFF34|Qn'
Slack : -0.915
TNS   : -1.732

Type  : Fast 1100mV 0C Model Setup 'dflipflop:DFF22|Qn'
Slack : -0.907
TNS   : -1.768

Type  : Fast 1100mV 0C Model Setup 'dflipflop:DFF27|Qn'
Slack : -0.907
TNS   : -1.698

Type  : Fast 1100mV 0C Model Setup 'dflipflop:DFF10|Qn'
Slack : -0.899
TNS   : -0.899

Type  : Fast 1100mV 0C Model Setup 'dflipflop:DFF13|Qn'
Slack : -0.897
TNS   : -1.717

Type  : Fast 1100mV 0C Model Setup 'dflipflop:DFF26|Qn'
Slack : -0.897
TNS   : -1.647

Type  : Fast 1100mV 0C Model Setup 'dflipflop:DFF1|Qn'
Slack : -0.897
TNS   : -0.897

Type  : Fast 1100mV 0C Model Setup 'dflipflop:DFF16|Qn'
Slack : -0.894
TNS   : -1.678

Type  : Fast 1100mV 0C Model Setup 'dflipflop:DFF6|Qn'
Slack : -0.891
TNS   : -0.891

Type  : Fast 1100mV 0C Model Setup 'dflipflop:DFF5|Qn'
Slack : -0.886
TNS   : -0.886

Type  : Fast 1100mV 0C Model Setup 'dflipflop:DFF4|Qn'
Slack : -0.881
TNS   : -0.881

Type  : Fast 1100mV 0C Model Setup 'dflipflop:DFF14|Qn'
Slack : -0.877
TNS   : -1.628

Type  : Fast 1100mV 0C Model Setup 'dflipflop:DFF9|Qn'
Slack : -0.868
TNS   : -0.868

Type  : Fast 1100mV 0C Model Setup 'dflipflop:DFF11|Qn'
Slack : -0.865
TNS   : -0.865

Type  : Fast 1100mV 0C Model Setup 'dflipflop:DFF32|Qn'
Slack : -0.864
TNS   : -1.693

Type  : Fast 1100mV 0C Model Setup 'dflipflop:DFF12|Qn'
Slack : -0.859
TNS   : -0.859

Type  : Fast 1100mV 0C Model Setup 'dflipflop:DFF28|Qn'
Slack : -0.843
TNS   : -1.614

Type  : Fast 1100mV 0C Model Setup 'dflipflop:DFF3|Qn'
Slack : -0.836
TNS   : -0.836

Type  : Fast 1100mV 0C Model Setup 'dflipflop:DFF30|Qn'
Slack : -0.811
TNS   : -1.573

Type  : Fast 1100mV 0C Model Setup 'dflipflop:DFF24|Qn'
Slack : -0.773
TNS   : -1.463

Type  : Fast 1100mV 0C Model Setup 'dflipflop:DFF7|Qn'
Slack : -0.758
TNS   : -0.758

Type  : Fast 1100mV 0C Model Setup 'dflipflop:DFF0|Qn'
Slack : -0.497
TNS   : -0.497

Type  : Fast 1100mV 0C Model Setup 'dflipflop:DFF21|Q'
Slack : -0.393
TNS   : -3.075

Type  : Fast 1100mV 0C Model Setup 'dflipflop:DFF36|Qn'
Slack : -0.075
TNS   : -0.150

Type  : Fast 1100mV 0C Model Hold 'dflipflop:DFF0|Qn'
Slack : -0.256
TNS   : -0.256

Type  : Fast 1100mV 0C Model Hold 'dflipflop:DFF4|Qn'
Slack : -0.040
TNS   : -0.040

Type  : Fast 1100mV 0C Model Hold 'dflipflop:DFF24|Qn'
Slack : 0.000
TNS   : 0.000

Type  : Fast 1100mV 0C Model Hold 'dflipflop:DFF30|Qn'
Slack : 0.005
TNS   : 0.000

Type  : Fast 1100mV 0C Model Hold 'dflipflop:DFF32|Qn'
Slack : 0.017
TNS   : 0.000

Type  : Fast 1100mV 0C Model Hold 'dflipflop:DFF26|Qn'
Slack : 0.019
TNS   : 0.000

Type  : Fast 1100mV 0C Model Hold 'dflipflop:DFF7|Qn'
Slack : 0.032
TNS   : 0.000

Type  : Fast 1100mV 0C Model Hold 'dflipflop:DFF28|Qn'
Slack : 0.063
TNS   : 0.000

Type  : Fast 1100mV 0C Model Hold 'dflipflop:DFF12|Qn'
Slack : 0.076
TNS   : 0.000

Type  : Fast 1100mV 0C Model Hold 'dflipflop:DFF6|Qn'
Slack : 0.083
TNS   : 0.000

Type  : Fast 1100mV 0C Model Hold 'dflipflop:DFF10|Qn'
Slack : 0.091
TNS   : 0.000

Type  : Fast 1100mV 0C Model Hold 'dflipflop:DFF16|Qn'
Slack : 0.094
TNS   : 0.000

Type  : Fast 1100mV 0C Model Hold 'dflipflop:DFF3|Qn'
Slack : 0.096
TNS   : 0.000

Type  : Fast 1100mV 0C Model Hold 'dflipflop:DFF1|Qn'
Slack : 0.100
TNS   : 0.000

Type  : Fast 1100mV 0C Model Hold 'dflipflop:DFF11|Qn'
Slack : 0.105
TNS   : 0.000

Type  : Fast 1100mV 0C Model Hold 'dflipflop:DFF5|Qn'
Slack : 0.110
TNS   : 0.000

Type  : Fast 1100mV 0C Model Hold 'dflipflop:DFF9|Qn'
Slack : 0.110
TNS   : 0.000

Type  : Fast 1100mV 0C Model Hold 'dflipflop:DFF14|Qn'
Slack : 0.120
TNS   : 0.000

Type  : Fast 1100mV 0C Model Hold 'dflipflop:DFF22|Qn'
Slack : 0.142
TNS   : 0.000

Type  : Fast 1100mV 0C Model Hold 'dflipflop:DFF8|Qn'
Slack : 0.146
TNS   : 0.000

Type  : Fast 1100mV 0C Model Hold 'dflipflop:DFF20|Qn'
Slack : 0.155
TNS   : 0.000

Type  : Fast 1100mV 0C Model Hold 'dflipflop:DFF33|Qn'
Slack : 0.157
TNS   : 0.000

Type  : Fast 1100mV 0C Model Hold 'dflipflop:DFF13|Qn'
Slack : 0.160
TNS   : 0.000

Type  : Fast 1100mV 0C Model Hold 'dflipflop:DFF34|Qn'
Slack : 0.178
TNS   : 0.000

Type  : Fast 1100mV 0C Model Hold 'dflipflop:DFF27|Qn'
Slack : 0.182
TNS   : 0.000

Type  : Fast 1100mV 0C Model Hold 'dflipflop:DFF35|Qn'
Slack : 0.182
TNS   : 0.000

Type  : Fast 1100mV 0C Model Hold 'dflipflop:DFF15|Qn'
Slack : 0.186
TNS   : 0.000

Type  : Fast 1100mV 0C Model Hold 'dflipflop:DFF19|Qn'
Slack : 0.188
TNS   : 0.000

Type  : Fast 1100mV 0C Model Hold 'dflipflop:DFF36|Qn'
Slack : 0.190
TNS   : 0.000

Type  : Fast 1100mV 0C Model Hold 'dflipflop:DFF18|Qn'
Slack : 0.195
TNS   : 0.000

Type  : Fast 1100mV 0C Model Hold 'dflipflop:DFF23|Qn'
Slack : 0.196
TNS   : 0.000

Type  : Fast 1100mV 0C Model Hold 'dflipflop:DFF17|Qn'
Slack : 0.197
TNS   : 0.000

Type  : Fast 1100mV 0C Model Hold 'dflipflop:DFF25|Qn'
Slack : 0.199
TNS   : 0.000

Type  : Fast 1100mV 0C Model Hold 'dflipflop:DFF2|Qn'
Slack : 0.210
TNS   : 0.000

Type  : Fast 1100mV 0C Model Hold 'dflipflop:DFF29|Qn'
Slack : 0.223
TNS   : 0.000

Type  : Fast 1100mV 0C Model Hold 'dflipflop:DFF31|Qn'
Slack : 0.269
TNS   : 0.000

Type  : Fast 1100mV 0C Model Hold 'dflipflop:DFF21|Qn'
Slack : 0.285
TNS   : 0.000

Type  : Fast 1100mV 0C Model Hold 'dflipflop:DFF21|Q'
Slack : 0.294
TNS   : 0.000

Type  : Fast 1100mV 0C Model Hold 'Clock_50'
Slack : 0.319
TNS   : 0.000

Type  : Fast 1100mV 0C Model Minimum Pulse Width 'Clock_50'
Slack : -0.384
TNS   : -0.427

Type  : Fast 1100mV 0C Model Minimum Pulse Width 'dflipflop:DFF20|Qn'
Slack : -0.052
TNS   : -0.052

Type  : Fast 1100mV 0C Model Minimum Pulse Width 'dflipflop:DFF4|Qn'
Slack : -0.039
TNS   : -0.039

Type  : Fast 1100mV 0C Model Minimum Pulse Width 'dflipflop:DFF32|Qn'
Slack : 0.062
TNS   : 0.000

Type  : Fast 1100mV 0C Model Minimum Pulse Width 'dflipflop:DFF1|Qn'
Slack : 0.076
TNS   : 0.000

Type  : Fast 1100mV 0C Model Minimum Pulse Width 'dflipflop:DFF24|Qn'
Slack : 0.081
TNS   : 0.000

Type  : Fast 1100mV 0C Model Minimum Pulse Width 'dflipflop:DFF35|Qn'
Slack : 0.101
TNS   : 0.000

Type  : Fast 1100mV 0C Model Minimum Pulse Width 'dflipflop:DFF6|Qn'
Slack : 0.103
TNS   : 0.000

Type  : Fast 1100mV 0C Model Minimum Pulse Width 'dflipflop:DFF34|Qn'
Slack : 0.109
TNS   : 0.000

Type  : Fast 1100mV 0C Model Minimum Pulse Width 'dflipflop:DFF29|Qn'
Slack : 0.110
TNS   : 0.000

Type  : Fast 1100mV 0C Model Minimum Pulse Width 'dflipflop:DFF8|Qn'
Slack : 0.110
TNS   : 0.000

Type  : Fast 1100mV 0C Model Minimum Pulse Width 'dflipflop:DFF31|Qn'
Slack : 0.111
TNS   : 0.000

Type  : Fast 1100mV 0C Model Minimum Pulse Width 'dflipflop:DFF36|Qn'
Slack : 0.111
TNS   : 0.000

Type  : Fast 1100mV 0C Model Minimum Pulse Width 'dflipflop:DFF14|Qn'
Slack : 0.112
TNS   : 0.000

Type  : Fast 1100mV 0C Model Minimum Pulse Width 'dflipflop:DFF25|Qn'
Slack : 0.112
TNS   : 0.000

Type  : Fast 1100mV 0C Model Minimum Pulse Width 'dflipflop:DFF33|Qn'
Slack : 0.112
TNS   : 0.000

Type  : Fast 1100mV 0C Model Minimum Pulse Width 'dflipflop:DFF9|Qn'
Slack : 0.112
TNS   : 0.000

Type  : Fast 1100mV 0C Model Minimum Pulse Width 'dflipflop:DFF11|Qn'
Slack : 0.114
TNS   : 0.000

Type  : Fast 1100mV 0C Model Minimum Pulse Width 'dflipflop:DFF5|Qn'
Slack : 0.114
TNS   : 0.000

Type  : Fast 1100mV 0C Model Minimum Pulse Width 'dflipflop:DFF12|Qn'
Slack : 0.120
TNS   : 0.000

Type  : Fast 1100mV 0C Model Minimum Pulse Width 'dflipflop:DFF16|Qn'
Slack : 0.127
TNS   : 0.000

Type  : Fast 1100mV 0C Model Minimum Pulse Width 'dflipflop:DFF21|Q'
Slack : 0.127
TNS   : 0.000

Type  : Fast 1100mV 0C Model Minimum Pulse Width 'dflipflop:DFF22|Qn'
Slack : 0.128
TNS   : 0.000

Type  : Fast 1100mV 0C Model Minimum Pulse Width 'dflipflop:DFF26|Qn'
Slack : 0.129
TNS   : 0.000

Type  : Fast 1100mV 0C Model Minimum Pulse Width 'dflipflop:DFF2|Qn'
Slack : 0.132
TNS   : 0.000

Type  : Fast 1100mV 0C Model Minimum Pulse Width 'dflipflop:DFF10|Qn'
Slack : 0.135
TNS   : 0.000

Type  : Fast 1100mV 0C Model Minimum Pulse Width 'dflipflop:DFF13|Qn'
Slack : 0.138
TNS   : 0.000

Type  : Fast 1100mV 0C Model Minimum Pulse Width 'dflipflop:DFF0|Qn'
Slack : 0.139
TNS   : 0.000

Type  : Fast 1100mV 0C Model Minimum Pulse Width 'dflipflop:DFF23|Qn'
Slack : 0.139
TNS   : 0.000

Type  : Fast 1100mV 0C Model Minimum Pulse Width 'dflipflop:DFF27|Qn'
Slack : 0.139
TNS   : 0.000

Type  : Fast 1100mV 0C Model Minimum Pulse Width 'dflipflop:DFF19|Qn'
Slack : 0.140
TNS   : 0.000

Type  : Fast 1100mV 0C Model Minimum Pulse Width 'dflipflop:DFF21|Qn'
Slack : 0.140
TNS   : 0.000

Type  : Fast 1100mV 0C Model Minimum Pulse Width 'dflipflop:DFF3|Qn'
Slack : 0.140
TNS   : 0.000

Type  : Fast 1100mV 0C Model Minimum Pulse Width 'dflipflop:DFF17|Qn'
Slack : 0.141
TNS   : 0.000

Type  : Fast 1100mV 0C Model Minimum Pulse Width 'dflipflop:DFF15|Qn'
Slack : 0.142
TNS   : 0.000

Type  : Fast 1100mV 0C Model Minimum Pulse Width 'dflipflop:DFF28|Qn'
Slack : 0.142
TNS   : 0.000

Type  : Fast 1100mV 0C Model Minimum Pulse Width 'dflipflop:DFF7|Qn'
Slack : 0.143
TNS   : 0.000

Type  : Fast 1100mV 0C Model Minimum Pulse Width 'dflipflop:DFF30|Qn'
Slack : 0.156
TNS   : 0.000

Type  : Fast 1100mV 0C Model Minimum Pulse Width 'dflipflop:DFF18|Qn'
Slack : 0.161
TNS   : 0.000

------------------------------------------------------------
