Analysis & Synthesis report for top
Tue Jul 09 23:55:01 2019
Quartus Prime Version 18.1.0 Build 625 09/12/2018 SJ Lite Edition


---------------------
; Table of Contents ;
---------------------
  1. Legal Notice
  2. Analysis & Synthesis Summary
  3. Analysis & Synthesis Settings
  4. Parallel Compilation
  5. Analysis & Synthesis Source Files Read
  6. Analysis & Synthesis Resource Usage Summary
  7. Analysis & Synthesis Resource Utilization by Entity
  8. State Machine - |top|current_state
  9. Registers Removed During Synthesis
 10. General Register Statistics
 11. Inverted Register Statistics
 12. Port Connectivity Checks: "dflipflop:DFF13"
 13. Port Connectivity Checks: "dflipflop:DFF12"
 14. Port Connectivity Checks: "dflipflop:DFF11"
 15. Port Connectivity Checks: "dflipflop:DFF10"
 16. Port Connectivity Checks: "dflipflop:DFF9"
 17. Port Connectivity Checks: "dflipflop:DFF8"
 18. Port Connectivity Checks: "dflipflop:DFF7"
 19. Port Connectivity Checks: "dflipflop:DFF6"
 20. Port Connectivity Checks: "dflipflop:DFF5"
 21. Port Connectivity Checks: "dflipflop:DFF4"
 22. Port Connectivity Checks: "dflipflop:DFF3"
 23. Port Connectivity Checks: "dflipflop:DFF2"
 24. Port Connectivity Checks: "dflipflop:DFF1"
 25. Port Connectivity Checks: "dflipflop:DFF0"
 26. Post-Synthesis Netlist Statistics for Top Partition
 27. Elapsed Time Per Partition
 28. Analysis & Synthesis Messages



----------------
; Legal Notice ;
----------------
Copyright (C) 2018  Intel Corporation. All rights reserved.
Your use of Intel Corporation's design tools, logic functions 
and other software and tools, and its AMPP partner logic 
functions, and any output files from any of the foregoing 
(including device programming or simulation files), and any 
associated documentation or information are expressly subject 
to the terms and conditions of the Intel Program License 
Subscription Agreement, the Intel Quartus Prime License Agreement,
the Intel FPGA IP License Agreement, or other applicable license
agreement, including, without limitation, that your use is for
the sole purpose of programming logic devices manufactured by
Intel and sold by Intel or its authorized distributors.  Please
refer to the applicable agreement for further details.



+-------------------------------------------------------------------------------+
; Analysis & Synthesis Summary                                                  ;
+---------------------------------+---------------------------------------------+
; Analysis & Synthesis Status     ; Successful - Tue Jul 09 23:55:01 2019       ;
; Quartus Prime Version           ; 18.1.0 Build 625 09/12/2018 SJ Lite Edition ;
; Revision Name                   ; top                                         ;
; Top-level Entity Name           ; top                                         ;
; Family                          ; Cyclone V                                   ;
; Logic utilization (in ALMs)     ; N/A                                         ;
; Total registers                 ; 72                                          ;
; Total pins                      ; 68                                          ;
; Total virtual pins              ; 0                                           ;
; Total block memory bits         ; 0                                           ;
; Total DSP Blocks                ; 0                                           ;
; Total HSSI RX PCSs              ; 0                                           ;
; Total HSSI PMA RX Deserializers ; 0                                           ;
; Total HSSI TX PCSs              ; 0                                           ;
; Total HSSI PMA TX Serializers   ; 0                                           ;
; Total PLLs                      ; 0                                           ;
; Total DLLs                      ; 0                                           ;
+---------------------------------+---------------------------------------------+


+---------------------------------------------------------------------------------------------------------------------------+
; Analysis & Synthesis Settings                                                                                             ;
+---------------------------------------------------------------------------------+--------------------+--------------------+
; Option                                                                          ; Setting            ; Default Value      ;
+---------------------------------------------------------------------------------+--------------------+--------------------+
; Device                                                                          ; 5CEBA4F23C7        ;                    ;
; Top-level entity name                                                           ; top                ; top                ;
; Family name                                                                     ; Cyclone V          ; Cyclone V          ;
; Use smart compilation                                                           ; Off                ; Off                ;
; Enable parallel Assembler and Timing Analyzer during compilation                ; On                 ; On                 ;
; Enable compact report table                                                     ; Off                ; Off                ;
; Restructure Multiplexers                                                        ; Auto               ; Auto               ;
; MLAB Add Timing Constraints For Mixed-Port Feed-Through Mode Setting Don't Care ; Off                ; Off                ;
; Create Debugging Nodes for IP Cores                                             ; Off                ; Off                ;
; Preserve fewer node names                                                       ; On                 ; On                 ;
; Intel FPGA IP Evaluation Mode                                                   ; Enable             ; Enable             ;
; Verilog Version                                                                 ; Verilog_2001       ; Verilog_2001       ;
; VHDL Version                                                                    ; VHDL_1993          ; VHDL_1993          ;
; State Machine Processing                                                        ; Auto               ; Auto               ;
; Safe State Machine                                                              ; Off                ; Off                ;
; Extract Verilog State Machines                                                  ; On                 ; On                 ;
; Extract VHDL State Machines                                                     ; On                 ; On                 ;
; Ignore Verilog initial constructs                                               ; Off                ; Off                ;
; Iteration limit for constant Verilog loops                                      ; 5000               ; 5000               ;
; Iteration limit for non-constant Verilog loops                                  ; 250                ; 250                ;
; Add Pass-Through Logic to Inferred RAMs                                         ; On                 ; On                 ;
; Infer RAMs from Raw Logic                                                       ; On                 ; On                 ;
; Parallel Synthesis                                                              ; On                 ; On                 ;
; DSP Block Balancing                                                             ; Auto               ; Auto               ;
; NOT Gate Push-Back                                                              ; On                 ; On                 ;
; Power-Up Don't Care                                                             ; On                 ; On                 ;
; Remove Redundant Logic Cells                                                    ; Off                ; Off                ;
; Remove Duplicate Registers                                                      ; On                 ; On                 ;
; Ignore CARRY Buffers                                                            ; Off                ; Off                ;
; Ignore CASCADE Buffers                                                          ; Off                ; Off                ;
; Ignore GLOBAL Buffers                                                           ; Off                ; Off                ;
; Ignore ROW GLOBAL Buffers                                                       ; Off                ; Off                ;
; Ignore LCELL Buffers                                                            ; Off                ; Off                ;
; Ignore SOFT Buffers                                                             ; On                 ; On                 ;
; Limit AHDL Integers to 32 Bits                                                  ; Off                ; Off                ;
; Optimization Technique                                                          ; Balanced           ; Balanced           ;
; Carry Chain Length                                                              ; 70                 ; 70                 ;
; Auto Carry Chains                                                               ; On                 ; On                 ;
; Auto Open-Drain Pins                                                            ; On                 ; On                 ;
; Perform WYSIWYG Primitive Resynthesis                                           ; Off                ; Off                ;
; Auto ROM Replacement                                                            ; On                 ; On                 ;
; Auto RAM Replacement                                                            ; On                 ; On                 ;
; Auto DSP Block Replacement                                                      ; On                 ; On                 ;
; Auto Shift Register Replacement                                                 ; Auto               ; Auto               ;
; Allow Shift Register Merging across Hierarchies                                 ; Auto               ; Auto               ;
; Auto Clock Enable Replacement                                                   ; On                 ; On                 ;
; Strict RAM Replacement                                                          ; Off                ; Off                ;
; Allow Synchronous Control Signals                                               ; On                 ; On                 ;
; Force Use of Synchronous Clear Signals                                          ; Off                ; Off                ;
; Auto Resource Sharing                                                           ; Off                ; Off                ;
; Allow Any RAM Size For Recognition                                              ; Off                ; Off                ;
; Allow Any ROM Size For Recognition                                              ; Off                ; Off                ;
; Allow Any Shift Register Size For Recognition                                   ; Off                ; Off                ;
; Use LogicLock Constraints during Resource Balancing                             ; On                 ; On                 ;
; Ignore translate_off and synthesis_off directives                               ; Off                ; Off                ;
; Timing-Driven Synthesis                                                         ; On                 ; On                 ;
; Report Parameter Settings                                                       ; On                 ; On                 ;
; Report Source Assignments                                                       ; On                 ; On                 ;
; Report Connectivity Checks                                                      ; On                 ; On                 ;
; Ignore Maximum Fan-Out Assignments                                              ; Off                ; Off                ;
; Synchronization Register Chain Length                                           ; 3                  ; 3                  ;
; Power Optimization During Synthesis                                             ; Normal compilation ; Normal compilation ;
; HDL message level                                                               ; Level2             ; Level2             ;
; Suppress Register Optimization Related Messages                                 ; Off                ; Off                ;
; Number of Removed Registers Reported in Synthesis Report                        ; 5000               ; 5000               ;
; Number of Swept Nodes Reported in Synthesis Report                              ; 5000               ; 5000               ;
; Number of Inverted Registers Reported in Synthesis Report                       ; 100                ; 100                ;
; Clock MUX Protection                                                            ; On                 ; On                 ;
; Auto Gated Clock Conversion                                                     ; Off                ; Off                ;
; Block Design Naming                                                             ; Auto               ; Auto               ;
; SDC constraint protection                                                       ; Off                ; Off                ;
; Synthesis Effort                                                                ; Auto               ; Auto               ;
; Shift Register Replacement - Allow Asynchronous Clear Signal                    ; On                 ; On                 ;
; Pre-Mapping Resynthesis Optimization                                            ; Off                ; Off                ;
; Analysis & Synthesis Message Level                                              ; Medium             ; Medium             ;
; Disable Register Merging Across Hierarchies                                     ; Auto               ; Auto               ;
; Resource Aware Inference For Block RAM                                          ; On                 ; On                 ;
; Automatic Parallel Synthesis                                                    ; On                 ; On                 ;
; Partial Reconfiguration Bitstream ID                                            ; Off                ; Off                ;
+---------------------------------------------------------------------------------+--------------------+--------------------+


+------------------------------------------+
; Parallel Compilation                     ;
+----------------------------+-------------+
; Processors                 ; Number      ;
+----------------------------+-------------+
; Number detected on machine ; 4           ;
; Maximum allowed            ; 2           ;
;                            ;             ;
; Average used               ; 1.00        ;
; Maximum used               ; 2           ;
;                            ;             ;
; Usage by Processor         ; % Time Used ;
;     Processor 1            ; 100.0%      ;
;     Processor 2            ;   0.0%      ;
+----------------------------+-------------+


+--------------------------------------------------------------------------------------------------------------------------------+
; Analysis & Synthesis Source Files Read                                                                                         ;
+----------------------------------+-----------------+-----------------+-----------------------------------------------+---------+
; File Name with User-Entered Path ; Used in Netlist ; File Type       ; File Name with Absolute Path                  ; Library ;
+----------------------------------+-----------------+-----------------+-----------------------------------------------+---------+
; char_decoder.vhd                 ; yes             ; User VHDL File  ; C:/Users/tWin/Desktop/lab9.2/char_decoder.vhd ;         ;
; dflipflop.vhd                    ; yes             ; User VHDL File  ; C:/Users/tWin/Desktop/lab9.2/dflipflop.vhd    ;         ;
; top.vhd                          ; yes             ; User VHDL File  ; C:/Users/tWin/Desktop/lab9.2/top.vhd          ;         ;
+----------------------------------+-----------------+-----------------+-----------------------------------------------+---------+


+-----------------------------------------------------------+
; Analysis & Synthesis Resource Usage Summary               ;
+---------------------------------------------+-------------+
; Resource                                    ; Usage       ;
+---------------------------------------------+-------------+
; Estimate of Logic utilization (ALMs needed) ; 58          ;
;                                             ;             ;
; Combinational ALUT usage for logic          ; 114         ;
;     -- 7 input functions                    ; 0           ;
;     -- 6 input functions                    ; 0           ;
;     -- 5 input functions                    ; 0           ;
;     -- 4 input functions                    ; 43          ;
;     -- <=3 input functions                  ; 71          ;
;                                             ;             ;
; Dedicated logic registers                   ; 72          ;
;                                             ;             ;
; I/O pins                                    ; 68          ;
;                                             ;             ;
; Total DSP Blocks                            ; 0           ;
;                                             ;             ;
; Maximum fan-out node                        ; Reset~input ;
; Maximum fan-out                             ; 72          ;
; Total fan-out                               ; 607         ;
; Average fan-out                             ; 1.89        ;
+---------------------------------------------+-------------+


+------------------------------------------------------------------------------------------------------------------------------------------------------------------------------------------+
; Analysis & Synthesis Resource Utilization by Entity                                                                                                                                      ;
+----------------------------+---------------------+---------------------------+-------------------+------------+------+--------------+----------------------+--------------+--------------+
; Compilation Hierarchy Node ; Combinational ALUTs ; Dedicated Logic Registers ; Block Memory Bits ; DSP Blocks ; Pins ; Virtual Pins ; Full Hierarchy Name  ; Entity Name  ; Library Name ;
+----------------------------+---------------------+---------------------------+-------------------+------------+------+--------------+----------------------+--------------+--------------+
; |top                       ; 114 (11)            ; 72 (11)                   ; 0                 ; 0          ; 68   ; 0            ; |top                 ; top          ; work         ;
;    |char_decoder:C0|       ; 7 (7)               ; 0 (0)                     ; 0                 ; 0          ; 0    ; 0            ; |top|char_decoder:C0 ; char_decoder ; work         ;
;    |char_decoder:C1|       ; 7 (7)               ; 0 (0)                     ; 0                 ; 0          ; 0    ; 0            ; |top|char_decoder:C1 ; char_decoder ; work         ;
;    |char_decoder:C2|       ; 7 (7)               ; 0 (0)                     ; 0                 ; 0          ; 0    ; 0            ; |top|char_decoder:C2 ; char_decoder ; work         ;
;    |char_decoder:C3|       ; 7 (7)               ; 0 (0)                     ; 0                 ; 0          ; 0    ; 0            ; |top|char_decoder:C3 ; char_decoder ; work         ;
;    |char_decoder:C4|       ; 7 (7)               ; 0 (0)                     ; 0                 ; 0          ; 0    ; 0            ; |top|char_decoder:C4 ; char_decoder ; work         ;
;    |char_decoder:C5|       ; 7 (7)               ; 0 (0)                     ; 0                 ; 0          ; 0    ; 0            ; |top|char_decoder:C5 ; char_decoder ; work         ;
;    |dflipflop:DFF0|        ; 1 (1)               ; 1 (1)                     ; 0                 ; 0          ; 0    ; 0            ; |top|dflipflop:DFF0  ; dflipflop    ; work         ;
;    |dflipflop:DFF10|       ; 1 (1)               ; 1 (1)                     ; 0                 ; 0          ; 0    ; 0            ; |top|dflipflop:DFF10 ; dflipflop    ; work         ;
;    |dflipflop:DFF11|       ; 1 (1)               ; 1 (1)                     ; 0                 ; 0          ; 0    ; 0            ; |top|dflipflop:DFF11 ; dflipflop    ; work         ;
;    |dflipflop:DFF12|       ; 1 (1)               ; 1 (1)                     ; 0                 ; 0          ; 0    ; 0            ; |top|dflipflop:DFF12 ; dflipflop    ; work         ;
;    |dflipflop:DFF13|       ; 1 (1)               ; 1 (1)                     ; 0                 ; 0          ; 0    ; 0            ; |top|dflipflop:DFF13 ; dflipflop    ; work         ;
;    |dflipflop:DFF14|       ; 2 (2)               ; 2 (2)                     ; 0                 ; 0          ; 0    ; 0            ; |top|dflipflop:DFF14 ; dflipflop    ; work         ;
;    |dflipflop:DFF15|       ; 2 (2)               ; 2 (2)                     ; 0                 ; 0          ; 0    ; 0            ; |top|dflipflop:DFF15 ; dflipflop    ; work         ;
;    |dflipflop:DFF16|       ; 2 (2)               ; 2 (2)                     ; 0                 ; 0          ; 0    ; 0            ; |top|dflipflop:DFF16 ; dflipflop    ; work         ;
;    |dflipflop:DFF17|       ; 2 (2)               ; 2 (2)                     ; 0                 ; 0          ; 0    ; 0            ; |top|dflipflop:DFF17 ; dflipflop    ; work         ;
;    |dflipflop:DFF18|       ; 2 (2)               ; 2 (2)                     ; 0                 ; 0          ; 0    ; 0            ; |top|dflipflop:DFF18 ; dflipflop    ; work         ;
;    |dflipflop:DFF19|       ; 2 (2)               ; 2 (2)                     ; 0                 ; 0          ; 0    ; 0            ; |top|dflipflop:DFF19 ; dflipflop    ; work         ;
;    |dflipflop:DFF1|        ; 1 (1)               ; 1 (1)                     ; 0                 ; 0          ; 0    ; 0            ; |top|dflipflop:DFF1  ; dflipflop    ; work         ;
;    |dflipflop:DFF20|       ; 2 (2)               ; 2 (2)                     ; 0                 ; 0          ; 0    ; 0            ; |top|dflipflop:DFF20 ; dflipflop    ; work         ;
;    |dflipflop:DFF21|       ; 2 (2)               ; 2 (2)                     ; 0                 ; 0          ; 0    ; 0            ; |top|dflipflop:DFF21 ; dflipflop    ; work         ;
;    |dflipflop:DFF22|       ; 2 (2)               ; 2 (2)                     ; 0                 ; 0          ; 0    ; 0            ; |top|dflipflop:DFF22 ; dflipflop    ; work         ;
;    |dflipflop:DFF23|       ; 2 (2)               ; 2 (2)                     ; 0                 ; 0          ; 0    ; 0            ; |top|dflipflop:DFF23 ; dflipflop    ; work         ;
;    |dflipflop:DFF24|       ; 2 (2)               ; 2 (2)                     ; 0                 ; 0          ; 0    ; 0            ; |top|dflipflop:DFF24 ; dflipflop    ; work         ;
;    |dflipflop:DFF25|       ; 2 (2)               ; 2 (2)                     ; 0                 ; 0          ; 0    ; 0            ; |top|dflipflop:DFF25 ; dflipflop    ; work         ;
;    |dflipflop:DFF26|       ; 2 (2)               ; 2 (2)                     ; 0                 ; 0          ; 0    ; 0            ; |top|dflipflop:DFF26 ; dflipflop    ; work         ;
;    |dflipflop:DFF27|       ; 2 (2)               ; 2 (2)                     ; 0                 ; 0          ; 0    ; 0            ; |top|dflipflop:DFF27 ; dflipflop    ; work         ;
;    |dflipflop:DFF28|       ; 2 (2)               ; 2 (2)                     ; 0                 ; 0          ; 0    ; 0            ; |top|dflipflop:DFF28 ; dflipflop    ; work         ;
;    |dflipflop:DFF29|       ; 2 (2)               ; 2 (2)                     ; 0                 ; 0          ; 0    ; 0            ; |top|dflipflop:DFF29 ; dflipflop    ; work         ;
;    |dflipflop:DFF2|        ; 1 (1)               ; 1 (1)                     ; 0                 ; 0          ; 0    ; 0            ; |top|dflipflop:DFF2  ; dflipflop    ; work         ;
;    |dflipflop:DFF30|       ; 2 (2)               ; 2 (2)                     ; 0                 ; 0          ; 0    ; 0            ; |top|dflipflop:DFF30 ; dflipflop    ; work         ;
;    |dflipflop:DFF31|       ; 2 (2)               ; 2 (2)                     ; 0                 ; 0          ; 0    ; 0            ; |top|dflipflop:DFF31 ; dflipflop    ; work         ;
;    |dflipflop:DFF32|       ; 2 (2)               ; 2 (2)                     ; 0                 ; 0          ; 0    ; 0            ; |top|dflipflop:DFF32 ; dflipflop    ; work         ;
;    |dflipflop:DFF33|       ; 2 (2)               ; 2 (2)                     ; 0                 ; 0          ; 0    ; 0            ; |top|dflipflop:DFF33 ; dflipflop    ; work         ;
;    |dflipflop:DFF34|       ; 2 (2)               ; 2 (2)                     ; 0                 ; 0          ; 0    ; 0            ; |top|dflipflop:DFF34 ; dflipflop    ; work         ;
;    |dflipflop:DFF35|       ; 2 (2)               ; 2 (2)                     ; 0                 ; 0          ; 0    ; 0            ; |top|dflipflop:DFF35 ; dflipflop    ; work         ;
;    |dflipflop:DFF36|       ; 2 (2)               ; 2 (2)                     ; 0                 ; 0          ; 0    ; 0            ; |top|dflipflop:DFF36 ; dflipflop    ; work         ;
;    |dflipflop:DFF37|       ; 1 (1)               ; 1 (1)                     ; 0                 ; 0          ; 0    ; 0            ; |top|dflipflop:DFF37 ; dflipflop    ; work         ;
;    |dflipflop:DFF3|        ; 1 (1)               ; 1 (1)                     ; 0                 ; 0          ; 0    ; 0            ; |top|dflipflop:DFF3  ; dflipflop    ; work         ;
;    |dflipflop:DFF4|        ; 1 (1)               ; 1 (1)                     ; 0                 ; 0          ; 0    ; 0            ; |top|dflipflop:DFF4  ; dflipflop    ; work         ;
;    |dflipflop:DFF5|        ; 1 (1)               ; 1 (1)                     ; 0                 ; 0          ; 0    ; 0            ; |top|dflipflop:DFF5  ; dflipflop    ; work         ;
;    |dflipflop:DFF6|        ; 1 (1)               ; 1 (1)                     ; 0                 ; 0          ; 0    ; 0            ; |top|dflipflop:DFF6  ; dflipflop    ; work         ;
;    |dflipflop:DFF7|        ; 1 (1)               ; 1 (1)                     ; 0                 ; 0          ; 0    ; 0            ; |top|dflipflop:DFF7  ; dflipflop    ; work         ;
;    |dflipflop:DFF8|        ; 1 (1)               ; 1 (1)                     ; 0                 ; 0          ; 0    ; 0            ; |top|dflipflop:DFF8  ; dflipflop    ; work         ;
;    |dflipflop:DFF9|        ; 1 (1)               ; 1 (1)                     ; 0                 ; 0          ; 0    ; 0            ; |top|dflipflop:DFF9  ; dflipflop    ; work         ;
+----------------------------+---------------------+---------------------------+-------------------+------------+------+--------------+----------------------+--------------+--------------+
Note: For table entries with two numbers listed, the numbers in parentheses indicate the number of resources of the given type used by the specific entity alone. The numbers listed outside of parentheses indicate the total resources of the given type used by the specific entity and all of its sub-entities in the hierarchy.


Encoding Type:  One-Hot
+----------------------------------------------------------------------------------------------------------------------------------------------------------------------------------------------------------------------------------------------------------------------------------------------------------------------------------------------------------+
; State Machine - |top|current_state                                                                                                                                                                                                                                                                                                                       ;
+----------------------------+----------------------------+----------------------------+----------------------------+----------------------------+----------------------------+----------------------------+----------------------------+----------------------------+----------------------------+----------------------------+---------------------------+
; Name                       ; current_state.Walking_Out9 ; current_state.Walking_Out8 ; current_state.Walking_Out7 ; current_state.Walking_Out6 ; current_state.Walking_Out5 ; current_state.Walking_Out4 ; current_state.Walking_Out3 ; current_state.Walking_Out2 ; current_state.Walking_Out1 ; current_state.Walking_Out0 ; current_state.reset_state ;
+----------------------------+----------------------------+----------------------------+----------------------------+----------------------------+----------------------------+----------------------------+----------------------------+----------------------------+----------------------------+----------------------------+---------------------------+
; current_state.reset_state  ; 0                          ; 0                          ; 0                          ; 0                          ; 0                          ; 0                          ; 0                          ; 0                          ; 0                          ; 0                          ; 0                         ;
; current_state.Walking_Out0 ; 0                          ; 0                          ; 0                          ; 0                          ; 0                          ; 0                          ; 0                          ; 0                          ; 0                          ; 1                          ; 1                         ;
; current_state.Walking_Out1 ; 0                          ; 0                          ; 0                          ; 0                          ; 0                          ; 0                          ; 0                          ; 0                          ; 1                          ; 0                          ; 1                         ;
; current_state.Walking_Out2 ; 0                          ; 0                          ; 0                          ; 0                          ; 0                          ; 0                          ; 0                          ; 1                          ; 0                          ; 0                          ; 1                         ;
; current_state.Walking_Out3 ; 0                          ; 0                          ; 0                          ; 0                          ; 0                          ; 0                          ; 1                          ; 0                          ; 0                          ; 0                          ; 1                         ;
; current_state.Walking_Out4 ; 0                          ; 0                          ; 0                          ; 0                          ; 0                          ; 1                          ; 0                          ; 0                          ; 0                          ; 0                          ; 1                         ;
; current_state.Walking_Out5 ; 0                          ; 0                          ; 0                          ; 0                          ; 1                          ; 0                          ; 0                          ; 0                          ; 0                          ; 0                          ; 1                         ;
; current_state.Walking_Out6 ; 0                          ; 0                          ; 0                          ; 1                          ; 0                          ; 0                          ; 0                          ; 0                          ; 0                          ; 0                          ; 1                         ;
; current_state.Walking_Out7 ; 0                          ; 0                          ; 1                          ; 0                          ; 0                          ; 0                          ; 0                          ; 0                          ; 0                          ; 0                          ; 1                         ;
; current_state.Walking_Out8 ; 0                          ; 1                          ; 0                          ; 0                          ; 0                          ; 0                          ; 0                          ; 0                          ; 0                          ; 0                          ; 1                         ;
; current_state.Walking_Out9 ; 1                          ; 0                          ; 0                          ; 0                          ; 0                          ; 0                          ; 0                          ; 0                          ; 0                          ; 0                          ; 1                         ;
+----------------------------+----------------------------+----------------------------+----------------------------+----------------------------+----------------------------+----------------------------+----------------------------+----------------------------+----------------------------+----------------------------+---------------------------+


+-----------------------------------------------------------------------+
; Registers Removed During Synthesis                                    ;
+---------------------------------------+-------------------------------+
; Register name                         ; Reason for Removal            ;
+---------------------------------------+-------------------------------+
; dflipflop:DFF37|Qn                    ; Merged with dflipflop:DFF37|Q ;
; Total Number of Removed Registers = 1 ;                               ;
+---------------------------------------+-------------------------------+


+------------------------------------------------------+
; General Register Statistics                          ;
+----------------------------------------------+-------+
; Statistic                                    ; Value ;
+----------------------------------------------+-------+
; Total registers                              ; 72    ;
; Number of registers using Synchronous Clear  ; 0     ;
; Number of registers using Synchronous Load   ; 0     ;
; Number of registers using Asynchronous Clear ; 72    ;
; Number of registers using Asynchronous Load  ; 0     ;
; Number of registers using Clock Enable       ; 0     ;
; Number of registers using Preset             ; 0     ;
+----------------------------------------------+-------+


+---------------------------------------------------+
; Inverted Register Statistics                      ;
+-----------------------------------------+---------+
; Inverted Register                       ; Fan out ;
+-----------------------------------------+---------+
; dflipflop:DFF15|Qn                      ; 4       ;
; dflipflop:DFF14|Qn                      ; 4       ;
; dflipflop:DFF16|Qn                      ; 4       ;
; dflipflop:DFF13|Qn                      ; 3       ;
; dflipflop:DFF17|Qn                      ; 4       ;
; dflipflop:DFF19|Qn                      ; 4       ;
; dflipflop:DFF18|Qn                      ; 4       ;
; dflipflop:DFF20|Qn                      ; 4       ;
; dflipflop:DFF21|Qn                      ; 4       ;
; dflipflop:DFF23|Qn                      ; 4       ;
; dflipflop:DFF22|Qn                      ; 4       ;
; dflipflop:DFF24|Qn                      ; 4       ;
; dflipflop:DFF25|Qn                      ; 4       ;
; dflipflop:DFF27|Qn                      ; 4       ;
; dflipflop:DFF26|Qn                      ; 4       ;
; dflipflop:DFF28|Qn                      ; 4       ;
; dflipflop:DFF29|Qn                      ; 4       ;
; dflipflop:DFF31|Qn                      ; 4       ;
; dflipflop:DFF30|Qn                      ; 4       ;
; dflipflop:DFF32|Qn                      ; 4       ;
; dflipflop:DFF33|Qn                      ; 4       ;
; dflipflop:DFF35|Qn                      ; 4       ;
; dflipflop:DFF34|Qn                      ; 4       ;
; dflipflop:DFF36|Qn                      ; 3       ;
; dflipflop:DFF12|Qn                      ; 2       ;
; dflipflop:DFF11|Qn                      ; 2       ;
; dflipflop:DFF10|Qn                      ; 2       ;
; dflipflop:DFF9|Qn                       ; 2       ;
; dflipflop:DFF8|Qn                       ; 2       ;
; dflipflop:DFF7|Qn                       ; 2       ;
; dflipflop:DFF6|Qn                       ; 2       ;
; dflipflop:DFF5|Qn                       ; 2       ;
; dflipflop:DFF4|Qn                       ; 2       ;
; dflipflop:DFF3|Qn                       ; 2       ;
; dflipflop:DFF2|Qn                       ; 2       ;
; dflipflop:DFF1|Qn                       ; 2       ;
; dflipflop:DFF0|Qn                       ; 2       ;
; Total number of inverted registers = 37 ;         ;
+-----------------------------------------+---------+


+----------------------------------------------------------------------------------------------------------------+
; Port Connectivity Checks: "dflipflop:DFF13"                                                                    ;
+------+--------+----------+-------------------------------------------------------------------------------------+
; Port ; Type   ; Severity ; Details                                                                             ;
+------+--------+----------+-------------------------------------------------------------------------------------+
; q    ; Output ; Info     ; Connected to dangling logic. Logic that only feeds a dangling port will be removed. ;
+------+--------+----------+-------------------------------------------------------------------------------------+


+----------------------------------------------------------------------------------------------------------------+
; Port Connectivity Checks: "dflipflop:DFF12"                                                                    ;
+------+--------+----------+-------------------------------------------------------------------------------------+
; Port ; Type   ; Severity ; Details                                                                             ;
+------+--------+----------+-------------------------------------------------------------------------------------+
; q    ; Output ; Info     ; Connected to dangling logic. Logic that only feeds a dangling port will be removed. ;
+------+--------+----------+-------------------------------------------------------------------------------------+


+----------------------------------------------------------------------------------------------------------------+
; Port Connectivity Checks: "dflipflop:DFF11"                                                                    ;
+------+--------+----------+-------------------------------------------------------------------------------------+
; Port ; Type   ; Severity ; Details                                                                             ;
+------+--------+----------+-------------------------------------------------------------------------------------+
; q    ; Output ; Info     ; Connected to dangling logic. Logic that only feeds a dangling port will be removed. ;
+------+--------+----------+-------------------------------------------------------------------------------------+


+----------------------------------------------------------------------------------------------------------------+
; Port Connectivity Checks: "dflipflop:DFF10"                                                                    ;
+------+--------+----------+-------------------------------------------------------------------------------------+
; Port ; Type   ; Severity ; Details                                                                             ;
+------+--------+----------+-------------------------------------------------------------------------------------+
; q    ; Output ; Info     ; Connected to dangling logic. Logic that only feeds a dangling port will be removed. ;
+------+--------+----------+-------------------------------------------------------------------------------------+


+----------------------------------------------------------------------------------------------------------------+
; Port Connectivity Checks: "dflipflop:DFF9"                                                                     ;
+------+--------+----------+-------------------------------------------------------------------------------------+
; Port ; Type   ; Severity ; Details                                                                             ;
+------+--------+----------+-------------------------------------------------------------------------------------+
; q    ; Output ; Info     ; Connected to dangling logic. Logic that only feeds a dangling port will be removed. ;
+------+--------+----------+-------------------------------------------------------------------------------------+


+----------------------------------------------------------------------------------------------------------------+
; Port Connectivity Checks: "dflipflop:DFF8"                                                                     ;
+------+--------+----------+-------------------------------------------------------------------------------------+
; Port ; Type   ; Severity ; Details                                                                             ;
+------+--------+----------+-------------------------------------------------------------------------------------+
; q    ; Output ; Info     ; Connected to dangling logic. Logic that only feeds a dangling port will be removed. ;
+------+--------+----------+-------------------------------------------------------------------------------------+


+----------------------------------------------------------------------------------------------------------------+
; Port Connectivity Checks: "dflipflop:DFF7"                                                                     ;
+------+--------+----------+-------------------------------------------------------------------------------------+
; Port ; Type   ; Severity ; Details                                                                             ;
+------+--------+----------+-------------------------------------------------------------------------------------+
; q    ; Output ; Info     ; Connected to dangling logic. Logic that only feeds a dangling port will be removed. ;
+------+--------+----------+-------------------------------------------------------------------------------------+


+----------------------------------------------------------------------------------------------------------------+
; Port Connectivity Checks: "dflipflop:DFF6"                                                                     ;
+------+--------+----------+-------------------------------------------------------------------------------------+
; Port ; Type   ; Severity ; Details                                                                             ;
+------+--------+----------+-------------------------------------------------------------------------------------+
; q    ; Output ; Info     ; Connected to dangling logic. Logic that only feeds a dangling port will be removed. ;
+------+--------+----------+-------------------------------------------------------------------------------------+


+----------------------------------------------------------------------------------------------------------------+
; Port Connectivity Checks: "dflipflop:DFF5"                                                                     ;
+------+--------+----------+-------------------------------------------------------------------------------------+
; Port ; Type   ; Severity ; Details                                                                             ;
+------+--------+----------+-------------------------------------------------------------------------------------+
; q    ; Output ; Info     ; Connected to dangling logic. Logic that only feeds a dangling port will be removed. ;
+------+--------+----------+-------------------------------------------------------------------------------------+


+----------------------------------------------------------------------------------------------------------------+
; Port Connectivity Checks: "dflipflop:DFF4"                                                                     ;
+------+--------+----------+-------------------------------------------------------------------------------------+
; Port ; Type   ; Severity ; Details                                                                             ;
+------+--------+----------+-------------------------------------------------------------------------------------+
; q    ; Output ; Info     ; Connected to dangling logic. Logic that only feeds a dangling port will be removed. ;
+------+--------+----------+-------------------------------------------------------------------------------------+


+----------------------------------------------------------------------------------------------------------------+
; Port Connectivity Checks: "dflipflop:DFF3"                                                                     ;
+------+--------+----------+-------------------------------------------------------------------------------------+
; Port ; Type   ; Severity ; Details                                                                             ;
+------+--------+----------+-------------------------------------------------------------------------------------+
; q    ; Output ; Info     ; Connected to dangling logic. Logic that only feeds a dangling port will be removed. ;
+------+--------+----------+-------------------------------------------------------------------------------------+


+----------------------------------------------------------------------------------------------------------------+
; Port Connectivity Checks: "dflipflop:DFF2"                                                                     ;
+------+--------+----------+-------------------------------------------------------------------------------------+
; Port ; Type   ; Severity ; Details                                                                             ;
+------+--------+----------+-------------------------------------------------------------------------------------+
; q    ; Output ; Info     ; Connected to dangling logic. Logic that only feeds a dangling port will be removed. ;
+------+--------+----------+-------------------------------------------------------------------------------------+


+----------------------------------------------------------------------------------------------------------------+
; Port Connectivity Checks: "dflipflop:DFF1"                                                                     ;
+------+--------+----------+-------------------------------------------------------------------------------------+
; Port ; Type   ; Severity ; Details                                                                             ;
+------+--------+----------+-------------------------------------------------------------------------------------+
; q    ; Output ; Info     ; Connected to dangling logic. Logic that only feeds a dangling port will be removed. ;
+------+--------+----------+-------------------------------------------------------------------------------------+


+----------------------------------------------------------------------------------------------------------------+
; Port Connectivity Checks: "dflipflop:DFF0"                                                                     ;
+------+--------+----------+-------------------------------------------------------------------------------------+
; Port ; Type   ; Severity ; Details                                                                             ;
+------+--------+----------+-------------------------------------------------------------------------------------+
; q    ; Output ; Info     ; Connected to dangling logic. Logic that only feeds a dangling port will be removed. ;
+------+--------+----------+-------------------------------------------------------------------------------------+


+-----------------------------------------------------+
; Post-Synthesis Netlist Statistics for Top Partition ;
+-----------------------+-----------------------------+
; Type                  ; Count                       ;
+-----------------------+-----------------------------+
; arriav_ff             ; 72                          ;
;     CLR               ; 72                          ;
; arriav_lcell_comb     ; 114                         ;
;     normal            ; 114                         ;
;         1 data inputs ; 61                          ;
;         2 data inputs ; 1                           ;
;         3 data inputs ; 9                           ;
;         4 data inputs ; 43                          ;
; boundary_port         ; 68                          ;
;                       ;                             ;
; Max LUT depth         ; 1.00                        ;
; Average LUT depth     ; 0.99                        ;
+-----------------------+-----------------------------+


+-------------------------------+
; Elapsed Time Per Partition    ;
+----------------+--------------+
; Partition Name ; Elapsed Time ;
+----------------+--------------+
; Top            ; 00:00:00     ;
+----------------+--------------+


+-------------------------------+
; Analysis & Synthesis Messages ;
+-------------------------------+
Info: *******************************************************************
Info: Running Quartus Prime Analysis & Synthesis
    Info: Version 18.1.0 Build 625 09/12/2018 SJ Lite Edition
    Info: Processing started: Tue Jul 09 23:54:43 2019
Info: Command: quartus_map --read_settings_files=on --write_settings_files=off lab92 -c top
Warning (18236): Number of processors has not been specified which may cause overloading on shared machines.  Set the global assignment NUM_PARALLEL_PROCESSORS in your QSF to an appropriate value for best performance.
Info (20030): Parallel compilation is enabled and will use 2 of the 2 processors detected
Info (12021): Found 2 design units, including 1 entities, in source file char_decoder.vhd
    Info (12022): Found design unit 1: char_decoder-char_decoder_arch File: C:/Users/tWin/Desktop/lab9.2/char_decoder.vhd Line: 9
    Info (12023): Found entity 1: char_decoder File: C:/Users/tWin/Desktop/lab9.2/char_decoder.vhd Line: 4
Info (12021): Found 2 design units, including 1 entities, in source file dflipflop.vhd
    Info (12022): Found design unit 1: dflipflop-dflipflop_arch File: C:/Users/tWin/Desktop/lab9.2/dflipflop.vhd Line: 12
    Info (12023): Found entity 1: dflipflop File: C:/Users/tWin/Desktop/lab9.2/dflipflop.vhd Line: 4
Info (12021): Found 2 design units, including 1 entities, in source file top.vhd
    Info (12022): Found design unit 1: top-top_arch File: C:/Users/tWin/Desktop/lab9.2/top.vhd Line: 19
    Info (12023): Found entity 1: top File: C:/Users/tWin/Desktop/lab9.2/top.vhd Line: 4
Info (12127): Elaborating entity "top" for the top level hierarchy
Info (12128): Elaborating entity "char_decoder" for hierarchy "char_decoder:C0" File: C:/Users/tWin/Desktop/lab9.2/top.vhd Line: 46
Warning (10631): VHDL Process Statement warning at char_decoder.vhd(12): inferring latch(es) for signal or variable "HEX_OUT", which holds its previous value in one or more paths through the process File: C:/Users/tWin/Desktop/lab9.2/char_decoder.vhd Line: 12
Info (10041): Inferred latch for "HEX_OUT[0]" at char_decoder.vhd(12) File: C:/Users/tWin/Desktop/lab9.2/char_decoder.vhd Line: 12
Info (10041): Inferred latch for "HEX_OUT[1]" at char_decoder.vhd(12) File: C:/Users/tWin/Desktop/lab9.2/char_decoder.vhd Line: 12
Info (10041): Inferred latch for "HEX_OUT[2]" at char_decoder.vhd(12) File: C:/Users/tWin/Desktop/lab9.2/char_decoder.vhd Line: 12
Info (10041): Inferred latch for "HEX_OUT[3]" at char_decoder.vhd(12) File: C:/Users/tWin/Desktop/lab9.2/char_decoder.vhd Line: 12
Info (10041): Inferred latch for "HEX_OUT[4]" at char_decoder.vhd(12) File: C:/Users/tWin/Desktop/lab9.2/char_decoder.vhd Line: 12
Info (10041): Inferred latch for "HEX_OUT[5]" at char_decoder.vhd(12) File: C:/Users/tWin/Desktop/lab9.2/char_decoder.vhd Line: 12
Info (10041): Inferred latch for "HEX_OUT[6]" at char_decoder.vhd(12) File: C:/Users/tWin/Desktop/lab9.2/char_decoder.vhd Line: 12
Info (12128): Elaborating entity "dflipflop" for hierarchy "dflipflop:DFF0" File: C:/Users/tWin/Desktop/lab9.2/top.vhd Line: 55
Info (286030): Timing-Driven Synthesis is running
Info (16010): Generating hard_block partition "hard_block:auto_generated_inst"
    Info (16011): Adding 0 node(s), including 0 DDIO, 0 PLL, 0 transceiver and 0 LCELL
Warning (21074): Design contains 3 input pin(s) that do not drive logic
    Warning (15610): No output dependent on input pin "SW[1]" File: C:/Users/tWin/Desktop/lab9.2/top.vhd Line: 7
    Warning (15610): No output dependent on input pin "SW[2]" File: C:/Users/tWin/Desktop/lab9.2/top.vhd Line: 7
    Warning (15610): No output dependent on input pin "SW[3]" File: C:/Users/tWin/Desktop/lab9.2/top.vhd Line: 7
Info (21057): Implemented 183 device resources after synthesis - the final resource count might be different
    Info (21058): Implemented 6 input pins
    Info (21059): Implemented 62 output pins
    Info (21061): Implemented 115 logic cells
Info: Quartus Prime Analysis & Synthesis was successful. 0 errors, 6 warnings
    Info: Peak virtual memory: 4864 megabytes
    Info: Processing ended: Tue Jul 09 23:55:01 2019
    Info: Elapsed time: 00:00:18
    Info: Total CPU time (on all processors): 00:00:37


